Archive member included to satisfy reference by file (symbol)

C:/devkitPro/libctru/lib\libctru.a(synchronization.o)
                              main.o (__sync_init)
C:/devkitPro/libctru/lib\libctru.a(initArgv.o)
                              C:/devkitPro/devkitARM/bin/../lib/gcc/arm-none-eabi/13.2.0/../../../../arm-none-eabi/lib/armv6k/fpu/3dsx_crt0.o (__system_argc)
C:/devkitPro/libctru/lib\libctru.a(svc.o)
                              main.o (svcExitProcess)
C:/devkitPro/libctru/lib\libctru.a(3dslink.o)
                              C:/devkitPro/libctru/lib\libctru.a(initArgv.o) (__3dslink_host)
C:/devkitPro/libctru/lib\libctru.a(soc_connect.o)
                              C:/devkitPro/libctru/lib\libctru.a(3dslink.o) (connect)
C:/devkitPro/libctru/lib\libctru.a(soc_socket.o)
                              C:/devkitPro/libctru/lib\libctru.a(3dslink.o) (socket)
C:/devkitPro/libctru/lib\libctru.a(soc_common.o)
                              C:/devkitPro/libctru/lib\libctru.a(soc_connect.o) (_net_convert_error)
C:/devkitPro/devkitARM/bin/../lib/gcc/arm-none-eabi/13.2.0/../../../../arm-none-eabi/lib/armv6k/fpu\libg.a(libc_a-strncmp.o)
                              services.o (strncmp)
C:/devkitPro/devkitARM/bin/../lib/gcc/arm-none-eabi/13.2.0/../../../../arm-none-eabi/lib/armv6k/fpu\libg.a(libc_a-strlen-stub.o)
                              C:/devkitPro/libctru/lib\libctru.a(initArgv.o) (strlen)
C:/devkitPro/devkitARM/bin/../lib/gcc/arm-none-eabi/13.2.0/../../../../arm-none-eabi/lib/armv6k/fpu\libg.a(libc_a-strtoul.o)
                              C:/devkitPro/libctru/lib\libctru.a(initArgv.o) (strtoul)
C:/devkitPro/devkitARM/bin/../lib/gcc/arm-none-eabi/13.2.0/../../../../arm-none-eabi/lib/armv6k/fpu\libg.a(libc_a-sysclose.o)
                              C:/devkitPro/libctru/lib\libctru.a(3dslink.o) (close)
C:/devkitPro/devkitARM/bin/../lib/gcc/arm-none-eabi/13.2.0/../../../../arm-none-eabi/lib/armv6k/fpu\libg.a(libc_a-strnlen.o)
                              services.o (strnlen)
C:/devkitPro/devkitARM/bin/../lib/gcc/arm-none-eabi/13.2.0/../../../../arm-none-eabi/lib/armv6k/fpu\libg.a(libc_a-errno.o)
                              C:/devkitPro/libctru/lib\libctru.a(soc_connect.o) (__errno)
C:/devkitPro/devkitARM/bin/../lib/gcc/arm-none-eabi/13.2.0/../../../../arm-none-eabi/lib/armv6k/fpu\libg.a(libc_a-memcpy-stub.o)
                              C:/devkitPro/libctru/lib\libctru.a(initArgv.o) (memcpy)
C:/devkitPro/devkitARM/bin/../lib/gcc/arm-none-eabi/13.2.0/../../../../arm-none-eabi/lib/armv6k/fpu\libg.a(libc_a-ctype_.o)
                              C:/devkitPro/devkitARM/bin/../lib/gcc/arm-none-eabi/13.2.0/../../../../arm-none-eabi/lib/armv6k/fpu\libg.a(libc_a-strtoul.o) (_ctype_)
C:/devkitPro/devkitARM/bin/../lib/gcc/arm-none-eabi/13.2.0/../../../../arm-none-eabi/lib/armv6k/fpu\libg.a(libc_a-memset.o)
                              list.o (memset)
C:/devkitPro/devkitARM/bin/../lib/gcc/arm-none-eabi/13.2.0/../../../../arm-none-eabi/lib/armv6k/fpu\libg.a(libc_a-strncpy.o)
                              services.o (strncpy)
C:/devkitPro/devkitARM/bin/../lib/gcc/arm-none-eabi/13.2.0/../../../../arm-none-eabi/lib/armv6k/fpu\libg.a(libc_a-strcmp.o)
                              C:/devkitPro/libctru/lib\libctru.a(soc_connect.o) (strcmp)
C:/devkitPro/devkitARM/bin/../lib/gcc/arm-none-eabi/13.2.0/../../../../arm-none-eabi/lib/armv6k/fpu\libg.a(libc_a-fflush.o)
                              C:/devkitPro/libctru/lib\libctru.a(3dslink.o) (fflush)
C:/devkitPro/devkitARM/bin/../lib/gcc/arm-none-eabi/13.2.0/../../../../arm-none-eabi/lib/armv6k/fpu\libg.a(libc_a-impure.o)
                              C:/devkitPro/devkitARM/bin/../lib/gcc/arm-none-eabi/13.2.0/../../../../arm-none-eabi/lib/armv6k/fpu\libg.a(libc_a-fflush.o) (_impure_data)
C:/devkitPro/devkitARM/bin/../lib/gcc/arm-none-eabi/13.2.0/../../../../arm-none-eabi/lib/armv6k/fpu\libg.a(libc_a-findfp.o)
                              C:/devkitPro/devkitARM/bin/../lib/gcc/arm-none-eabi/13.2.0/../../../../arm-none-eabi/lib/armv6k/fpu\libg.a(libc_a-fflush.o) (__sglue)
C:/devkitPro/devkitARM/bin/../lib/gcc/arm-none-eabi/13.2.0/../../../../arm-none-eabi/lib/armv6k/fpu\libg.a(libc_a-mallocr.o)
                              C:/devkitPro/devkitARM/bin/../lib/gcc/arm-none-eabi/13.2.0/../../../../arm-none-eabi/lib/armv6k/fpu\libg.a(libc_a-findfp.o) (_malloc_r)
C:/devkitPro/devkitARM/bin/../lib/gcc/arm-none-eabi/13.2.0/../../../../arm-none-eabi/lib/armv6k/fpu\libg.a(libc_a-freer.o)
                              C:/devkitPro/devkitARM/bin/../lib/gcc/arm-none-eabi/13.2.0/../../../../arm-none-eabi/lib/armv6k/fpu\libg.a(libc_a-fflush.o) (_free_r)
C:/devkitPro/devkitARM/bin/../lib/gcc/arm-none-eabi/13.2.0/../../../../arm-none-eabi/lib/armv6k/fpu\libg.a(libc_a-fwalk.o)
                              C:/devkitPro/devkitARM/bin/../lib/gcc/arm-none-eabi/13.2.0/../../../../arm-none-eabi/lib/armv6k/fpu\libg.a(libc_a-fflush.o) (_fwalk_sglue)
[...]
Memory Configuration

Name             Origin             Length             Attributes
*default*        0x00000000         0xffffffff

Linker script and memory map

                0x00100000                        PROVIDE (__start__ = 0x100000)
                0x00100000                        . = __start__

.text           0x00100000     0x2004
 *(.crt0)
 .crt0          0x00100000       0x94 C:/devkitPro/devkitARM/bin/../lib/gcc/arm-none-eabi/13.2.0/../../../../arm-none-eabi/lib/armv6k/fpu/3dsx_crt0.o
                0x00100000                _start
                0x00100008                __service_ptr
                0x0010000c                __apt_appid
                0x00100010                __heap_size
                0x00100014                __linear_heap_size
                0x00100018                __system_arglist
                0x0010001c                __system_runflags
 *(.init)
 .init          0x00100094        0xc C:/devkitPro/devkitARM/bin/../lib/gcc/arm-none-eabi/13.2.0/armv6k/fpu/crti.o
                0x00100094                _init
 .init          0x001000a0        0xc C:/devkitPro/devkitARM/bin/../lib/gcc/arm-none-eabi/13.2.0/armv6k/fpu/crtn.o
                0x001000ac                        . = ALIGN (0x4)
 *(.text)
 *(.text.*)
 .text.__do_global_dtors_aux
                0x001000ac       0x40 C:/devkitPro/devkitARM/bin/../lib/gcc/arm-none-eabi/13.2.0/armv6k/fpu/crtbegin.o
 .text.frame_dummy
                0x001000ec       0x2c C:/devkitPro/devkitARM/bin/../lib/gcc/arm-none-eabi/13.2.0/armv6k/fpu/crtbegin.o
 .text.unlikely.panic.constprop.0
                0x00100118        0x4 list.o
 .text.buildList
                0x0010011c       0x7c list.o
                0x0010011c                buildList
 .text.moveNode
                0x00100198       0xa4 list.o
                0x00100198                moveNode
 .text.allocateNode
                0x0010023c       0x60 list.o
                0x0010023c                allocateNode
 .text.unlikely.panic.isra.0
                0x0010029c        0x4 main.o
 .text.__wrap_exit
                0x001002a0        0x8 main.o
                0x001002a0                __wrap_exit
 .text.initSystem
                0x001002a8       0xa8 main.o
                0x001002a8                initSystem
 .text.startup.main
                0x00100350      0x5c8 main.o
                0x00100350                main
 .text.unlikely.panic.isra.0
                0x00100918        0x4 notifications.o
 .text.doPublishNotification
                0x0010091c       0xac notifications.o
 .text.EnableNotification
                0x001009c8       0x68 notifications.o
                0x001009c8                EnableNotification
 .text.Subscribe
                0x00100a30       0xa0 notifications.o
                0x00100a30                Subscribe
 .text.Unsubscribe
                0x00100ad0       0x90 notifications.o
                0x00100ad0                Unsubscribe
 .text.ReceiveNotification
                0x00100b60       0x70 notifications.o
                0x00100b60                ReceiveNotification
 .text.PublishToSubscriber
                0x00100bd0       0xa4 notifications.o
                0x00100bd0                PublishToSubscriber
 .text.PublishAndGetSubscriber
                0x00100c74       0xec notifications.o
                0x00100c74                PublishAndGetSubscriber
 .text.PublishToProcess
                0x00100d60       0xb0 notifications.o
                0x00100d60                PublishToProcess
 .text.PublishToAll
                0x00100e10       0x9c notifications.o
                0x00100e10                PublishToAll
 .text.unlikely.panic.isra.0
                0x00100eac        0x4 processes.o
 .text.findProcessData
                0x00100eb0       0x38 processes.o
                0x00100eb0                findProcessData
 .text.doRegisterProcess
                0x00100ee8       0x50 processes.o
                0x00100ee8                doRegisterProcess
 .text.RegisterProcess
                0x00100f38       0xb8 processes.o
                0x00100f38                RegisterProcess
 .text.UnregisterProcess
                0x00100ff0       0xe4 processes.o
                0x00100ff0                UnregisterProcess
 .text.unlikely.panic.isra.0
                0x001010d4        0x4 services.o
 .text.findServicePortByName
                0x001010d8       0xb0 services.o
 .text.doRegisterServiceOrPort
                0x00101188      0x1fc services.o
 .text.UnregisterServiceOrPort.part.0
                0x00101384       0x94 services.o
 .text.doRegisterService
                0x00101418       0x34 services.o
                0x00101418                doRegisterService
 .text.RegisterService
                0x0010144c       0x38 services.o
                0x0010144c                RegisterService
 .text.RegisterPort
                0x00101484       0x38 services.o
                0x00101484                RegisterPort
 .text.UnregisterService
                0x001014bc       0x60 services.o
                0x001014bc                UnregisterService
 .text.UnregisterPort
                0x0010151c       0x60 services.o
                0x0010151c                UnregisterPort
 .text.IsServiceRegistered
                0x0010157c       0x70 services.o
                0x0010157c                IsServiceRegistered
 .text.GetServiceHandle
                0x001015ec       0xdc services.o
                0x001015ec                GetServiceHandle
 .text.GetPort  0x001016c8       0xbc services.o
                0x001016c8                GetPort
 .text.srvHandleCommands
                0x00101784      0x358 srv.o
                0x00101784                srvHandleCommands
 .text.srvPmHandleCommands
                0x00101adc      0x144 srv_pm.o
                0x00101adc                srvPmHandleCommands
 .text.__sync_init
                0x00101c20        0xc C:/devkitPro/libctru/lib\libctru.a(synchronization.o)
                0x00101c20                __sync_init
 .text.svcExitProcess
                0x00101c2c        0x8 C:/devkitPro/libctru/lib\libctru.a(svc.o)
                0x00101c2c                svcExitProcess
 .text.svcCreateSemaphore
                0x00101c34       0x14 C:/devkitPro/libctru/lib\libctru.a(svc.o)
                0x00101c34                svcCreateSemaphore
 .text.svcReleaseSemaphore
                0x00101c48       0x14 C:/devkitPro/libctru/lib\libctru.a(svc.o)
                0x00101c48                svcReleaseSemaphore
 .text.svcCreateAddressArbiter
                0x00101c5c       0x14 C:/devkitPro/libctru/lib\libctru.a(svc.o)
                0x00101c5c                svcCreateAddressArbiter
 .text.svcCloseHandle
                0x00101c70        0x8 C:/devkitPro/libctru/lib\libctru.a(svc.o)
                0x00101c70                svcCloseHandle
 .text.svcGetSystemInfo
                0x00101c78       0x18 C:/devkitPro/libctru/lib\libctru.a(svc.o)
                0x00101c78                svcGetSystemInfo
 .text.svcGetProcessId
                0x00101c90       0x14 C:/devkitPro/libctru/lib\libctru.a(svc.o)
                0x00101c90                svcGetProcessId
 .text.svcCreatePort
                0x00101ca4       0x20 C:/devkitPro/libctru/lib\libctru.a(svc.o)
                0x00101ca4                svcCreatePort
 .text.svcCreateSessionToPort
                0x00101cc4       0x14 C:/devkitPro/libctru/lib\libctru.a(svc.o)
                0x00101cc4                svcCreateSessionToPort
 .text.svcAcceptSession
                0x00101cd8       0x18 C:/devkitPro/libctru/lib\libctru.a(svc.o)
                0x00101cd8                svcAcceptSession
 .text.svcReplyAndReceive
                0x00101cf0       0x18 C:/devkitPro/libctru/lib\libctru.a(svc.o)
                0x00101cf0                svcReplyAndReceive
 .text.strncmp  0x00101d08       0xe4 C:/devkitPro/devkitARM/bin/../lib/gcc/arm-none-eabi/13.2.0/../../../../arm-none-eabi/lib/armv6k/fpu\libg.a(libc_a-strncmp.o)
                0x00101d08                strncmp
 .text.strnlen  0x00101dec       0x48 C:/devkitPro/devkitARM/bin/../lib/gcc/arm-none-eabi/13.2.0/../../../../arm-none-eabi/lib/armv6k/fpu\libg.a(libc_a-strnlen.o)
                0x00101dec                strnlen
 .text.memset   0x00101e34       0xf4 C:/devkitPro/devkitARM/bin/../lib/gcc/arm-none-eabi/13.2.0/../../../../arm-none-eabi/lib/armv6k/fpu\libg.a(libc_a-memset.o)
                0x00101e34                memset
 .text.strncpy  0x00101f28       0xc4 C:/devkitPro/devkitARM/bin/../lib/gcc/arm-none-eabi/13.2.0/../../../../arm-none-eabi/lib/armv6k/fpu\libg.a(libc_a-strncpy.o)
                0x00101f28                strncpy
 *(.glue_7)
 .glue_7        0x00101fec        0x0 linker stubs
 *(.glue_7t)
 .glue_7t       0x00101fec        0x0 linker stubs
 *(.stub)
 *(.gnu.warning)
 *(.gnu.linkonce.t*)
                0x00101fec                        . = ALIGN (0x4)
 *(.fini)
 .fini          0x00101fec        0xc C:/devkitPro/devkitARM/bin/../lib/gcc/arm-none-eabi/13.2.0/armv6k/fpu/crti.o
                0x00101fec                _fini
 .fini          0x00101ff8        0xc C:/devkitPro/devkitARM/bin/../lib/gcc/arm-none-eabi/13.2.0/armv6k/fpu/crtn.o
                0x00102004                        . = ALIGN (0x4)

.vfp11_veneer   0x00102004        0x0
 .vfp11_veneer  0x00102004        0x0 linker stubs

.v4_bx          0x00102004        0x0
 .v4_bx         0x00102004        0x0 linker stubs

.iplt           0x00102004        0x0
 .iplt          0x00102004        0x0 C:/devkitPro/devkitARM/bin/../lib/gcc/arm-none-eabi/13.2.0/../../../../arm-none-eabi/lib/armv6k/fpu/3dsx_crt0.o
                0x00103000                        . = ALIGN (0x1000)

.rodata         0x00103000       0x14
 *(.rodata)
 *(.roda)
 *(.rodata.*)
 .rodata.main.str1.4
                0x00103000        0xf main.o
 *all.rodata*(*)
 *(.gnu.linkonce.r*)
                0x00103010                        . = ALIGN (0x4)
 *fill*         0x0010300f        0x1 
                0x00103010                        __tdata_align = .
                0x00103010        0x4 LONG 0x4 ALIGNOF (.tdata)
                0x00103014                        . = ALIGN (0x4)

.eh_frame       0x00103014        0x0
 .eh_frame      0x00103014        0x0 C:/devkitPro/devkitARM/bin/../lib/gcc/arm-none-eabi/13.2.0/armv6k/fpu/crtbegin.o

.rel.dyn        0x00103014        0x0
 .rel.iplt      0x00103014        0x0 C:/devkitPro/devkitARM/bin/../lib/gcc/arm-none-eabi/13.2.0/../../../../arm-none-eabi/lib/armv6k/fpu/3dsx_crt0.o

.ARM.extab
 *(.ARM.extab* .gnu.linkonce.armextab.*)
                0x00103014                        __exidx_start = .

.ARM.exidx
 *(.ARM.exidx* .gnu.linkonce.armexidx.*)
                0x00103014                        __exidx_end = .
                0x00104000                        . = ALIGN (0x1000)

.data           0x00104000        0x0
 *(.data)
 *(.data.*)
 *(.gnu.linkonce.d*)
                0x00104000                        . = ALIGN (0x4)

.igot.plt       0x00104000        0x0
 .igot.plt      0x00104000        0x0 C:/devkitPro/devkitARM/bin/../lib/gcc/arm-none-eabi/13.2.0/../../../../arm-none-eabi/lib/armv6k/fpu/3dsx_crt0.o

.tdata          0x00104000        0x0
                0x00104000                        __tdata_lma = .
 *(.tdata)
 *(.tdata.*)
 *(.gnu.linkonce.td.*)
                0x00104000                        . = ALIGN (0x4)
                0x00104000                        __tdata_lma_end = .

.tbss           0x00104000        0x0
 *(.tbss)
 *(.tbss.*)
 *(.gnu.linkonce.tb.*)
 *(.tcommon)
                0x00104000                        . = ALIGN (0x4)

.preinit_array  0x00104000        0x0
                [!provide]                        PROVIDE (__preinit_array_start = .)
 *(.preinit_array)
                [!provide]                        PROVIDE (__preinit_array_end = .)

.init_array     0x00104000        0x4
                [!provide]                        PROVIDE (__init_array_start = .)
 *(SORT_BY_NAME(.init_array.*))
 *(.init_array)
 .init_array    0x00104000        0x4 C:/devkitPro/devkitARM/bin/../lib/gcc/arm-none-eabi/13.2.0/armv6k/fpu/crtbegin.o
                [!provide]                        PROVIDE (__init_array_end = .)

.fini_array     0x00104004        0x4
                [!provide]                        PROVIDE (__fini_array_start = .)
 *(.fini_array)
 .fini_array    0x00104004        0x4 C:/devkitPro/devkitARM/bin/../lib/gcc/arm-none-eabi/13.2.0/armv6k/fpu/crtbegin.o
 *(SORT_BY_NAME(.fini_array.*))
                [!provide]                        PROVIDE (__fini_array_end = .)

.ctors
 *crtbegin.o(.ctors)
 *(EXCLUDE_FILE(*crtend.o) .ctors)
 *(SORT_BY_NAME(.ctors.*))
 *(.ctors)

.dtors
 *crtbegin.o(.dtors)
 *(EXCLUDE_FILE(*crtend.o) .dtors)
 *(SORT_BY_NAME(.dtors.*))
 *(.dtors)
                0x00104008                        __bss_start__ = .

.bss            0x00104008     0x460c
 *(.dynbss)
 *(.bss)
 *(.bss.*)
 .bss.completed.1
                0x00104008        0x1 C:/devkitPro/devkitARM/bin/../lib/gcc/arm-none-eabi/13.2.0/armv6k/fpu/crtbegin.o
 *fill*         0x00104009        0x3 
 .bss.object.0  0x0010400c       0x18 C:/devkitPro/devkitARM/bin/../lib/gcc/arm-none-eabi/13.2.0/armv6k/fpu/crtbegin.o
 .bss.serviceAccessListStaticBuffer
                0x00104024      0x110 main.o
 .bss.processDataPool
                0x00104134     0x2b00 main.o
 .bss.sessionDataPool
                0x00106c34      0xd10 main.o
 .bss.sessionDataWaitingPortReadyList
                0x00107944        0x8 main.o
                0x00107944                sessionDataWaitingPortReadyList
 .bss.sessionDataToWakeUpAfterServiceOrPortRegisterList
                0x0010794c        0x8 main.o
                0x0010794c                sessionDataToWakeUpAfterServiceOrPortRegisterList
 .bss.sessionDataWaitingForServiceOrPortRegisterList
                0x00107954        0x8 main.o
                0x00107954                sessionDataWaitingForServiceOrPortRegisterList
 .bss.freeSessionDataList
                0x0010795c        0x8 main.o
                0x0010795c                freeSessionDataList
 .bss.sessionDataInUseList
                0x00107964        0x8 main.o
                0x00107964                sessionDataInUseList
 .bss.resumeGetServiceHandleOrPortRegisteredSemaphore
                0x0010796c        0x4 main.o
                0x0010796c                resumeGetServiceHandleOrPortRegisteredSemaphore
 .bss.nbSection0Modules
                0x00107970        0x4 main.o
                0x00107970                nbSection0Modules
 .bss.freeProcessDataList
                0x00107974        0x8 processes.o
                0x00107974                freeProcessDataList
 .bss.processDataInUseList
                0x0010797c        0x8 processes.o
                0x0010797c                processDataInUseList
 .bss.nbServices
                0x00107984        0x4 services.o
                0x00107984                nbServices
 .bss.servicesInfo
                0x00107988      0xc80 services.o
                0x00107988                servicesInfo
 .bss.arbiter   0x00108608        0x4 C:/devkitPro/libctru/lib\libctru.a(synchronization.o)
 .bss.__system_argv
                0x0010860c        0x4 C:/devkitPro/libctru/lib\libctru.a(initArgv.o)
                0x0010860c                __system_argv
 .bss.__system_argc
                0x00108610        0x4 C:/devkitPro/libctru/lib\libctru.a(initArgv.o)
                0x00108610                __system_argc
 *(.gnu.linkonce.b*)
 *(COMMON)
                0x00108614                        . = (0x8 + ABSOLUTE (ALIGN (ABSOLUTE ((. - 0x8)), ALIGNOF (.tdata))))
                0x00108614                        __tls_start = .
                0x00108614                        . = (. + SIZEOF (.tdata))
                0x00108614                        . = ALIGN (ALIGNOF (.tbss))
                0x00108614                        . = (. + SIZEOF (.tbss))
                0x00108614                        __tls_end = .
                0x00108614                        __bss_end__ = .
                0x00108614                        __end__ = ABSOLUTE (.)

/DISCARD/
 *(.group .comment .note)

.stab
 *(.stab)

.stabstr
 *(.stabstr)

.stab.excl
 *(.stab.excl)

.stab.exclstr
 *(.stab.exclstr)

.stab.index
 *(.stab.index)

.stab.indexstr
 *(.stab.indexstr)

.debug
 *(.debug)

.line
 *(.line)

.debug_srcinfo
 *(.debug_srcinfo)

.debug_sfnames
 *(.debug_sfnames)

.debug_aranges  0x00000000      0x618
 *(.debug_aranges)
 .debug_aranges
                0x00000000       0x38 list.o
 .debug_aranges
                0x00000038       0x40 main.o
 .debug_aranges
                0x00000078       0x68 notifications.o
 .debug_aranges
                0x000000e0       0x40 processes.o
 .debug_aranges
                0x00000120       0x78 services.o
 .debug_aranges
                0x00000198       0x20 srv.o
 .debug_aranges
                0x000001b8       0x20 srv_pm.o
 .debug_aranges
                0x000001d8       0xf0 C:/devkitPro/libctru/lib\libctru.a(synchronization.o)
 .debug_aranges
                0x000002c8       0x20 C:/devkitPro/libctru/lib\libctru.a(initArgv.o)
 .debug_aranges
                0x000002e8      0x330 C:/devkitPro/libctru/lib\libctru.a(svc.o)

.debug_pubnames
 *(.debug_pubnames)

.debug_info     0x00000000     0x78ad
 *(.debug_info)
 .debug_info    0x00000000      0x3f1 list.o
 .debug_info    0x000003f1     0x1288 main.o
 .debug_info    0x00001679      0xa8a notifications.o
 .debug_info    0x00002103      0x999 processes.o
 .debug_info    0x00002a9c     0x1178 services.o
 .debug_info    0x00003c14      0x987 srv.o
 .debug_info    0x0000459b      0x6dd srv_pm.o
 .debug_info    0x00004c78     0x2956 C:/devkitPro/libctru/lib\libctru.a(synchronization.o)
 .debug_info    0x000075ce      0x2bc C:/devkitPro/libctru/lib\libctru.a(initArgv.o)
 .debug_info    0x0000788a       0x23 C:/devkitPro/libctru/lib\libctru.a(svc.o)

.debug_abbrev   0x00000000     0x1a81
 *(.debug_abbrev)
 .debug_abbrev  0x00000000      0x1c5 list.o
 .debug_abbrev  0x000001c5      0x41f main.o
 .debug_abbrev  0x000005e4      0x2c3 notifications.o
 .debug_abbrev  0x000008a7      0x306 processes.o
 .debug_abbrev  0x00000bad      0x385 services.o
 .debug_abbrev  0x00000f32      0x262 srv.o
 .debug_abbrev  0x00001194      0x251 srv_pm.o
 .debug_abbrev  0x000013e5      0x4f2 C:/devkitPro/libctru/lib\libctru.a(synchronization.o)
 .debug_abbrev  0x000018d7      0x198 C:/devkitPro/libctru/lib\libctru.a(initArgv.o)
 .debug_abbrev  0x00001a6f       0x12 C:/devkitPro/libctru/lib\libctru.a(svc.o)

.debug_line     0x00000000     0x4ddd
 *(.debug_line)
 .debug_line    0x00000000      0x3ff list.o
 .debug_line    0x000003ff      0x95f main.o
 .debug_line    0x00000d5e      0x7c2 notifications.o
 .debug_line    0x00001520      0x4ac processes.o
 .debug_line    0x000019cc      0x90d services.o
 .debug_line    0x000022d9      0x527 srv.o
 .debug_line    0x00002800      0x3ce srv_pm.o
 .debug_line    0x00002bce     0x1654 C:/devkitPro/libctru/lib\libctru.a(synchronization.o)
 .debug_line    0x00004222      0x42c C:/devkitPro/libctru/lib\libctru.a(initArgv.o)
 .debug_line    0x0000464e      0x78f C:/devkitPro/libctru/lib\libctru.a(svc.o)

.debug_frame    0x00000000      0xe0c
 *(.debug_frame)
 .debug_frame   0x00000000       0x7c list.o
 .debug_frame   0x0000007c       0x94 main.o
 .debug_frame   0x00000110      0x138 notifications.o
 .debug_frame   0x00000248       0x8c processes.o
 .debug_frame   0x000002d4      0x19c services.o
 .debug_frame   0x00000470       0x3c srv.o
 .debug_frame   0x000004ac       0x38 srv_pm.o
 .debug_frame   0x000004e4      0x2b4 C:/devkitPro/libctru/lib\libctru.a(synchronization.o)
 .debug_frame   0x00000798       0x34 C:/devkitPro/libctru/lib\libctru.a(initArgv.o)
 .debug_frame   0x000007cc      0x640 C:/devkitPro/libctru/lib\libctru.a(svc.o)

.debug_str      0x00000000     0x1c3d
 *(.debug_str)
 .debug_str     0x00000000     0x1c3d list.o
                                0x2e8 (size before relaxing)
 .debug_str     0x00001c3d      0xd7a main.o
 .debug_str     0x00001c3d      0x520 notifications.o
 .debug_str     0x00001c3d      0x6d6 processes.o
 .debug_str     0x00001c3d      0x6e9 services.o
 .debug_str     0x00001c3d      0x870 srv.o
 .debug_str     0x00001c3d      0x4f3 srv_pm.o
 .debug_str     0x00001c3d      0x985 C:/devkitPro/libctru/lib\libctru.a(synchronization.o)
 .debug_str     0x00001c3d      0x2f8 C:/devkitPro/libctru/lib\libctru.a(initArgv.o)
 .debug_str     0x00001c3d       0xc5 C:/devkitPro/libctru/lib\libctru.a(svc.o)

.debug_loc
 *(.debug_loc)

.debug_macinfo
 *(.debug_macinfo)
LOAD C:/devkitPro/devkitARM/bin/../lib/gcc/arm-none-eabi/13.2.0/../../../../arm-none-eabi/lib/armv6k/fpu/3dsx_crt0.o
LOAD C:/devkitPro/devkitARM/bin/../lib/gcc/arm-none-eabi/13.2.0/armv6k/fpu/crti.o
LOAD C:/devkitPro/devkitARM/bin/../lib/gcc/arm-none-eabi/13.2.0/armv6k/fpu/crtbegin.o
LOAD list.o
LOAD main.o
LOAD notifications.o
LOAD processes.o
LOAD services.o
LOAD srv.o
LOAD srv_pm.o
LOAD C:/devkitPro/libctru/lib\libctru.a
START GROUP
LOAD C:/devkitPro/devkitARM/bin/../lib/gcc/arm-none-eabi/13.2.0/armv6k/fpu\libgcc.a
LOAD C:/devkitPro/devkitARM/bin/../lib/gcc/arm-none-eabi/13.2.0/../../../../arm-none-eabi/lib/armv6k/fpu\libg.a
LOAD C:/devkitPro/devkitARM/bin/../lib/gcc/arm-none-eabi/13.2.0/../../../../arm-none-eabi/lib/armv6k/fpu\libc.a
LOAD C:/devkitPro/devkitARM/bin/../lib/gcc/arm-none-eabi/13.2.0/../../../../arm-none-eabi/lib/armv6k/fpu\libsysbase.a
END GROUP
LOAD C:/devkitPro/devkitARM/bin/../lib/gcc/arm-none-eabi/13.2.0/armv6k/fpu/crtend.o
LOAD C:/devkitPro/devkitARM/bin/../lib/gcc/arm-none-eabi/13.2.0/armv6k/fpu/crtn.o
OUTPUT(C:/devkitPro/projects/3dsScreenshotUtility/sysmodules/sm/sm.elf elf32-littlearm)
LOAD linker stubs

.ARM.attributes
                0x00000000       0x30
 .ARM.attributes
                0x00000000       0x1e C:/devkitPro/devkitARM/bin/../lib/gcc/arm-none-eabi/13.2.0/../../../../arm-none-eabi/lib/armv6k/fpu/3dsx_crt0.o
 .ARM.attributes
                0x0000001e       0x1c C:/devkitPro/devkitARM/bin/../lib/gcc/arm-none-eabi/13.2.0/armv6k/fpu/crti.o
 .ARM.attributes
                0x0000003a       0x30 C:/devkitPro/devkitARM/bin/../lib/gcc/arm-none-eabi/13.2.0/armv6k/fpu/crtbegin.o
 .ARM.attributes
                0x0000006a       0x30 list.o
 .ARM.attributes
                0x0000009a       0x30 main.o
 .ARM.attributes
                0x000000ca       0x30 notifications.o
 .ARM.attributes
                0x000000fa       0x30 processes.o
 .ARM.attributes
                0x0000012a       0x30 services.o
 .ARM.attributes
                0x0000015a       0x30 srv.o
 .ARM.attributes
                0x0000018a       0x30 srv_pm.o
 .ARM.attributes
                0x000001ba       0x30 C:/devkitPro/libctru/lib\libctru.a(synchronization.o)
 .ARM.attributes
                0x000001ea       0x30 C:/devkitPro/libctru/lib\libctru.a(initArgv.o)
 .ARM.attributes
                0x0000021a       0x1a C:/devkitPro/libctru/lib\libctru.a(svc.o)
 .ARM.attributes
                0x00000234       0x30 C:/devkitPro/devkitARM/bin/../lib/gcc/arm-none-eabi/13.2.0/../../../../arm-none-eabi/lib/armv6k/fpu\libg.a(libc_a-strncmp.o)
 .ARM.attributes
                0x00000264       0x30 C:/devkitPro/devkitARM/bin/../lib/gcc/arm-none-eabi/13.2.0/../../../../arm-none-eabi/lib/armv6k/fpu\libg.a(libc_a-strnlen.o)
 .ARM.attributes
                0x00000294       0x30 C:/devkitPro/devkitARM/bin/../lib/gcc/arm-none-eabi/13.2.0/../../../../arm-none-eabi/lib/armv6k/fpu\libg.a(libc_a-memset.o)
 .ARM.attributes
                0x000002c4       0x30 C:/devkitPro/devkitARM/bin/../lib/gcc/arm-none-eabi/13.2.0/../../../../arm-none-eabi/lib/armv6k/fpu\libg.a(libc_a-strncpy.o)
 .ARM.attributes
                0x000002f4       0x1c C:/devkitPro/devkitARM/bin/../lib/gcc/arm-none-eabi/13.2.0/armv6k/fpu/crtn.o

.debug_loclists
                0x00000000     0x34a7
 .debug_loclists
                0x00000000      0x17e list.o
 .debug_loclists
                0x0000017e      0x30a main.o
 .debug_loclists
                0x00000488      0x4db notifications.o
 .debug_loclists
                0x00000963      0x292 processes.o
 .debug_loclists
                0x00000bf5      0xc80 services.o
 .debug_loclists
                0x00001875      0x269 srv.o
 .debug_loclists
                0x00001ade      0x275 srv_pm.o
 .debug_loclists
                0x00001d53     0x169f C:/devkitPro/libctru/lib\libctru.a(synchronization.o)
 .debug_loclists
                0x000033f2       0xb5 C:/devkitPro/libctru/lib\libctru.a(initArgv.o)

.debug_rnglists
                0x00000000      0xa83
 .debug_rnglists
                0x00000000       0x44 list.o
 .debug_rnglists
                0x00000044       0xbb main.o
 .debug_rnglists
                0x000000ff      0x11f notifications.o
 .debug_rnglists
                0x0000021e       0x84 processes.o
 .debug_rnglists
                0x000002a2       0xf1 services.o
 .debug_rnglists
                0x00000393       0x50 srv.o
 .debug_rnglists
                0x000003e3       0x5c srv_pm.o
 .debug_rnglists
                0x0000043f      0x3c5 C:/devkitPro/libctru/lib\libctru.a(synchronization.o)
 .debug_rnglists
                0x00000804       0x20 C:/devkitPro/libctru/lib\libctru.a(initArgv.o)
 .debug_rnglists
                0x00000824      0x25f C:/devkitPro/libctru/lib\libctru.a(svc.o)

.debug_line_str
                0x00000000       0xb9
 .debug_line_str
                0x00000000       0xb9 C:/devkitPro/libctru/lib\libctru.a(svc.o)
