Archive member included to satisfy reference by file (symbol)

C:/devkitPro/libctru/lib\libctru.a(srv.o)
                              service_manager.o (srvEnableNotification)
C:/devkitPro/libctru/lib\libctru.a(synchronization.o)
                              main.o (__sync_init)
C:/devkitPro/libctru/lib\libctru.a(fs.o)
                              termination.o (fsInit)
C:/devkitPro/libctru/lib\libctru.a(fsreg.o)
                              main.o (fsRegInit)
C:/devkitPro/libctru/lib\libctru.a(loader.o)
                              main.o (loaderInit)
C:/devkitPro/libctru/lib\libctru.a(srvpm.o)
                              main.o (srvPmInit)
C:/devkitPro/libctru/lib\libctru.a(initArgv.o)
                              C:/devkitPro/devkitARM/bin/../lib/gcc/arm-none-eabi/13.2.0/../../../../arm-none-eabi/lib/armv6k/fpu/3dsx_crt0.o (__system_argc)
C:/devkitPro/libctru/lib\libctru.a(svc.o)
                              main.o (svcExitProcess)
C:/devkitPro/libctru/lib\libctru.a(3dslink.o)
                              C:/devkitPro/libctru/lib\libctru.a(initArgv.o) (__3dslink_host)
C:/devkitPro/libctru/lib\libctru.a(env.o)
                              C:/devkitPro/libctru/lib\libctru.a(srv.o) (envGetHandle)
C:/devkitPro/libctru/lib\libctru.a(soc_connect.o)
                              C:/devkitPro/libctru/lib\libctru.a(3dslink.o) (connect)
C:/devkitPro/libctru/lib\libctru.a(soc_socket.o)
                              C:/devkitPro/libctru/lib\libctru.a(3dslink.o) (socket)
C:/devkitPro/libctru/lib\libctru.a(soc_common.o)
                              C:/devkitPro/libctru/lib\libctru.a(soc_connect.o) (_net_convert_error)
C:/devkitPro/devkitARM/bin/../lib/gcc/arm-none-eabi/13.2.0/armv6k/fpu\libgcc.a(_aeabi_ldivmod.o)
                              termination.o (__aeabi_ldivmod)
C:/devkitPro/devkitARM/bin/../lib/gcc/arm-none-eabi/13.2.0/armv6k/fpu\libgcc.a(_aeabi_uldivmod.o)
                              termination.o (__aeabi_uldivmod)
C:/devkitPro/devkitARM/bin/../lib/gcc/arm-none-eabi/13.2.0/armv6k/fpu\libgcc.a(_udivmoddi4.o)
                              C:/devkitPro/devkitARM/bin/../lib/gcc/arm-none-eabi/13.2.0/armv6k/fpu\libgcc.a(_aeabi_ldivmod.o) (__udivmoddi4)
C:/devkitPro/devkitARM/bin/../lib/gcc/arm-none-eabi/13.2.0/armv6k/fpu\libgcc.a(_dvmd_tls.o)
                              C:/devkitPro/devkitARM/bin/../lib/gcc/arm-none-eabi/13.2.0/armv6k/fpu\libgcc.a(_aeabi_ldivmod.o) (__aeabi_ldiv0)
C:/devkitPro/devkitARM/bin/../lib/gcc/arm-none-eabi/13.2.0/../../../../arm-none-eabi/lib/armv6k/fpu\libg.a(libc_a-strncmp.o)
                              C:/devkitPro/libctru/lib\libctru.a(initArgv.o) (strncmp)
C:/devkitPro/devkitARM/bin/../lib/gcc/arm-none-eabi/13.2.0/../../../../arm-none-eabi/lib/armv6k/fpu\libg.a(libc_a-strlen-stub.o)
                              C:/devkitPro/libctru/lib\libctru.a(fs.o) (strlen)
C:/devkitPro/devkitARM/bin/../lib/gcc/arm-none-eabi/13.2.0/../../../../arm-none-eabi/lib/armv6k/fpu\libg.a(libc_a-strtoul.o)
                              C:/devkitPro/libctru/lib\libctru.a(initArgv.o) (strtoul)
C:/devkitPro/devkitARM/bin/../lib/gcc/arm-none-eabi/13.2.0/../../../../arm-none-eabi/lib/armv6k/fpu\libg.a(libc_a-sysclose.o)
                              C:/devkitPro/libctru/lib\libctru.a(3dslink.o) (close)
C:/devkitPro/devkitARM/bin/../lib/gcc/arm-none-eabi/13.2.0/../../../../arm-none-eabi/lib/armv6k/fpu\libg.a(libc_a-strnlen.o)
                              C:/devkitPro/libctru/lib\libctru.a(srv.o) (strnlen)
C:/devkitPro/devkitARM/bin/../lib/gcc/arm-none-eabi/13.2.0/../../../../arm-none-eabi/lib/armv6k/fpu\libg.a(libc_a-errno.o)
                              C:/devkitPro/libctru/lib\libctru.a(soc_connect.o) (__errno)
C:/devkitPro/devkitARM/bin/../lib/gcc/arm-none-eabi/13.2.0/../../../../arm-none-eabi/lib/armv6k/fpu\libg.a(libc_a-memcpy-stub.o)
                              firmlaunch.o (memcpy)
C:/devkitPro/devkitARM/bin/../lib/gcc/arm-none-eabi/13.2.0/../../../../arm-none-eabi/lib/armv6k/fpu\libg.a(libc_a-ctype_.o)
                              C:/devkitPro/devkitARM/bin/../lib/gcc/arm-none-eabi/13.2.0/../../../../arm-none-eabi/lib/armv6k/fpu\libg.a(libc_a-strtoul.o) (_ctype_)
C:/devkitPro/devkitARM/bin/../lib/gcc/arm-none-eabi/13.2.0/../../../../arm-none-eabi/lib/armv6k/fpu\libg.a(libc_a-memset.o)
                              exheader_info_heap.o (memset)
C:/devkitPro/devkitARM/bin/../lib/gcc/arm-none-eabi/13.2.0/../../../../arm-none-eabi/lib/armv6k/fpu\libg.a(libc_a-strncpy.o)
                              C:/devkitPro/libctru/lib\libctru.a(srv.o) (strncpy)
C:/devkitPro/devkitARM/bin/../lib/gcc/arm-none-eabi/13.2.0/../../../../arm-none-eabi/lib/armv6k/fpu\libg.a(libc_a-strcmp.o)
                              C:/devkitPro/libctru/lib\libctru.a(soc_connect.o) (strcmp)
C:/devkitPro/devkitARM/bin/../lib/gcc/arm-none-eabi/13.2.0/../../../../arm-none-eabi/lib/armv6k/fpu\libg.a(libc_a-fflush.o)
                              C:/devkitPro/libctru/lib\libctru.a(3dslink.o) (fflush)
[...]
Memory Configuration

Name             Origin             Length             Attributes
*default*        0x00000000         0xffffffff

Linker script and memory map

                0x00100000                        PROVIDE (__start__ = 0x100000)
                0x00100000                        . = __start__

.text           0x00100000     0x53b4
 *(.crt0)
 .crt0          0x00100000       0x94 C:/devkitPro/devkitARM/bin/../lib/gcc/arm-none-eabi/13.2.0/../../../../arm-none-eabi/lib/armv6k/fpu/3dsx_crt0.o
                0x00100000                _start
                0x00100008                __service_ptr
                0x0010000c                __apt_appid
                0x00100010                __heap_size
                0x00100014                __linear_heap_size
                0x00100018                __system_arglist
                0x0010001c                __system_runflags
 *(.init)
 .init          0x00100094        0xc C:/devkitPro/devkitARM/bin/../lib/gcc/arm-none-eabi/13.2.0/armv6k/fpu/crti.o
                0x00100094                _init
 .init          0x001000a0        0xc C:/devkitPro/devkitARM/bin/../lib/gcc/arm-none-eabi/13.2.0/armv6k/fpu/crtn.o
                0x001000ac                        . = ALIGN (0x4)
 *(.text)
 .text          0x001000ac       0xd4 C:/devkitPro/devkitARM/bin/../lib/gcc/arm-none-eabi/13.2.0/armv6k/fpu\libgcc.a(_aeabi_ldivmod.o)
                0x001000ac                __aeabi_ldivmod
 .text          0x00100180        0x4 C:/devkitPro/devkitARM/bin/../lib/gcc/arm-none-eabi/13.2.0/armv6k/fpu\libgcc.a(_dvmd_tls.o)
                0x00100180                __aeabi_idiv0
                0x00100180                __aeabi_ldiv0
 *(.text.*)
 .text.__do_global_dtors_aux
                0x00100184       0x40 C:/devkitPro/devkitARM/bin/../lib/gcc/arm-none-eabi/13.2.0/armv6k/fpu/crtbegin.o
 .text.frame_dummy
                0x001001c4       0x2c C:/devkitPro/devkitARM/bin/../lib/gcc/arm-none-eabi/13.2.0/armv6k/fpu/crtbegin.o
 .text.ExHeaderInfoHeap_Init
                0x001001f0       0x30 exheader_info_heap.o
                0x001001f0                ExHeaderInfoHeap_Init
 .text.ExHeaderInfoHeap_New
                0x00100220       0x78 exheader_info_heap.o
                0x00100220                ExHeaderInfoHeap_New
 .text.ExHeaderInfoHeap_Delete
                0x00100298       0x3c exheader_info_heap.o
                0x00100298                ExHeaderInfoHeap_Delete
 .text.unlikely.panic.isra.0
                0x001002d4        0x4 firmlaunch.o
 .text.LaunchFirmAsync
                0x001002d8       0x54 firmlaunch.o
 .text.mapFirmlaunchParameters
                0x0010032c       0x24 firmlaunch.o
                0x0010032c                mapFirmlaunchParameters
 .text.GetFirmlaunchParams
                0x00100350       0x20 firmlaunch.o
                0x00100350                GetFirmlaunchParams
 .text.SetFirmlaunchParams
                0x00100370       0x4c firmlaunch.o
                0x00100370                SetFirmlaunchParams
 .text.LaunchFirm
                0x001003bc       0x68 firmlaunch.o
                0x001003bc                LaunchFirm
 .text.unlikely.panic.isra.0
                0x00100424        0x4 info.o
 .text.registerProgram
                0x00100428       0xd8 info.o
                0x00100428                registerProgram
 .text.listDependencies
                0x00100500       0x68 info.o
                0x00100500                listDependencies
 .text.getAndListDependencies
                0x00100568       0x38 info.o
                0x00100568                getAndListDependencies
 .text.listMergeUniqueDependencies
                0x001005a0      0x19c info.o
                0x001005a0                listMergeUniqueDependencies
 *fill*         0x0010073c        0x4 
 .text.GetTitleExHeaderFlags
                0x00100740       0xc0 info.o
                0x00100740                GetTitleExHeaderFlags
 .text.GetCurrentAppInfo
                0x00100800       0x84 info.o
                0x00100800                GetCurrentAppInfo
 .text.unlikely.panic.isra.0
                0x00100884        0x4 launch.o
 .text.loadWithoutDependencies
                0x00100888      0x25c launch.o
 .text.loadWithDependencies
                0x00100ae4      0x224 launch.o
 .text.launchTitleImpl.part.0
                0x00100d08      0x244 launch.o
 .text.launchTitleImplWrapper
                0x00100f4c       0xdc launch.o
 .text.LaunchTitleAsync
                0x00101028       0x2c launch.o
 .text.LaunchTitle
                0x00101054      0x1ec launch.o
                0x00101054                LaunchTitle
 .text.LaunchTitleUpdate
                0x00101240      0x120 launch.o
                0x00101240                LaunchTitleUpdate
 .text.LaunchApp
                0x00101360       0x74 launch.o
                0x00101360                LaunchApp
 .text.RunQueuedProcess
                0x001013d4      0x13c launch.o
                0x001013d4                RunQueuedProcess
 .text.LaunchAppDebug
                0x00101510       0xcc launch.o
                0x00101510                LaunchAppDebug
 .text.autolaunchSysmodules
                0x001015dc       0x58 launch.o
                0x001015dc                autolaunchSysmodules
 .text.DebugNextApplicationByForce
                0x00101634       0x18 launch.o
                0x00101634                DebugNextApplicationByForce
 .text.LaunchTitleDebug
                0x0010164c       0x7c launch.o
                0x0010164c                LaunchTitleDebug
 .text.readLumaConfig
                0x001016c8       0xa4 luma.o
                0x001016c8                readLumaConfig
 .text.hasKExt  0x0010176c       0x2c luma.o
                0x0010176c                hasKExt
 .text.getStolenSystemMemRegionSize
                0x00101798       0x28 luma.o
                0x00101798                getStolenSystemMemRegionSize
 .text.isTitleLaunchPrevented
                0x001017c0       0x70 luma.o
                0x001017c0                isTitleLaunchPrevented
 .text.handleRestartHbAppNotification
                0x00101830        0x4 main.o
 .text.unlikely.panic.isra.0
                0x00101834        0x4 main.o
 .text.__wrap_exit
                0x00101838        0x8 main.o
                0x00101838                __wrap_exit
 .text.initSystem
                0x00101840       0x80 main.o
                0x00101840                initSystem
 .text.startup.main
                0x001018c0       0xb0 main.o
                0x001018c0                main
 .text.unlikely.panic.isra.0
                0x00101970        0x4 manager.o
 .text.Manager_Init
                0x00101974       0xd0 manager.o
                0x00101974                Manager_Init
 *fill*         0x00101a44        0x4 
 .text.Manager_RegisterKips
                0x00101a48      0x178 manager.o
                0x00101a48                Manager_RegisterKips
 .text.UnregisterProcess
                0x00101bc0       0x78 manager.o
                0x00101bc0                UnregisterProcess
 .text._thread_begin
                0x00101c38       0x10 my_thread.o
 .text.MyThread_Create
                0x00101c48       0x38 my_thread.o
                0x00101c48                MyThread_Create
 .text.pmAppHandleCommands
                0x00101c80      0x3a8 pmapp.o
                0x00101c80                pmAppHandleCommands
 .text.pmDbgHandleCommands
                0x00102028      0x1d8 pmdbg.o
                0x00102028                pmDbgHandleCommands
 .text.unlikely.panic.isra.0
                0x00102200        0x4 process_data.o
 .text.ProcessList_FindProcessById
                0x00102204       0x34 process_data.o
                0x00102204                ProcessList_FindProcessById
 .text.ProcessList_FindProcessByHandle
                0x00102238       0x34 process_data.o
                0x00102238                ProcessList_FindProcessByHandle
 .text.ProcessList_FindProcessByTitleId
                0x0010226c       0x48 process_data.o
                0x0010226c                ProcessList_FindProcessByTitleId
 .text.ProcessData_Notify
                0x001022b4       0x28 process_data.o
                0x001022b4                ProcessData_Notify
 .text.ProcessData_SendTerminationNotification
                0x001022dc       0x40 process_data.o
                0x001022dc                ProcessData_SendTerminationNotification
 .text.ProcessData_Incref
                0x0010231c       0x2c process_data.o
                0x0010231c                ProcessData_Incref
 .text.ProcessList_New
                0x00102348       0x5c process_data.o
                0x00102348                ProcessList_New
 .text.ProcessList_Delete
                0x001023a4       0x28 process_data.o
                0x001023a4                ProcessList_Delete
 .text.unlikely.panic.isra.0
                0x001023cc        0x4 process_monitor.o
 .text.processMonitor
                0x001023d0      0x2b8 process_monitor.o
                0x001023d0                processMonitor
 .text.unlikely.panic.isra.0
                0x00102688        0x4 reslimit.o
 .text.initializeReslimits
                0x0010268c      0x140 reslimit.o
                0x0010268c                initializeReslimits
 .text.setAppMemLimit
                0x001027cc       0x58 reslimit.o
                0x001027cc                setAppMemLimit
 .text.resetAppMemLimit
                0x00102824       0x54 reslimit.o
                0x00102824                resetAppMemLimit
 .text.setAppCpuTimeLimit
                0x00102878       0xb0 reslimit.o
                0x00102878                setAppCpuTimeLimit
 .text.setAppCpuTimeLimitAndSchedModeFromDescriptor
                0x00102928       0xdc reslimit.o
                0x00102928                setAppCpuTimeLimitAndSchedModeFromDescriptor
 .text.SetAppResourceLimit
                0x00102a04       0x60 reslimit.o
                0x00102a04                SetAppResourceLimit
 .text.GetAppResourceLimit
                0x00102a64       0xac reslimit.o
                0x00102a64                GetAppResourceLimit
 .text.ServiceManager_Run
                0x00102b10      0x59c service_manager.o
                0x00102b10                ServiceManager_Run
 .text.TaskRunner_Init
                0x001030ac       0x38 task_runner.o
                0x001030ac                TaskRunner_Init
 .text.TaskRunner_RunTask
                0x001030e4       0x48 task_runner.o
                0x001030e4                TaskRunner_RunTask
 .text.TaskRunner_HandleTasks
                0x0010312c       0x4c task_runner.o
                0x0010312c                TaskRunner_HandleTasks
 .text.unlikely.panic.isra.0
                0x00103178        0x4 termination.o
 .text.TerminateProcessOrTitle
                0x0010317c      0x10c termination.o
 .text.commitPendingTerminations
                0x00103288      0x11c termination.o
 .text.terminateUnusedDependencies
                0x001033a4       0xf8 termination.o
 .text.terminateProcessImpl.isra.0
                0x0010349c       0x78 termination.o
 *fill*         0x00103514        0x4 
 .text.ChainloadHomebrewDirtyAsync
                0x00103518      0x16c termination.o
 .text.TerminateProcessOrTitleAsync
                0x00103684      0x134 termination.o
 .text.forceMountSdCard
                0x001037b8       0x58 termination.o
                0x001037b8                forceMountSdCard
 .text.listAndTerminateDependencies
                0x00103810       0x40 termination.o
                0x00103810                listAndTerminateDependencies
 .text.TerminateApplication
                0x00103850       0xa4 termination.o
                0x00103850                TerminateApplication
 .text.TerminateTitle
                0x001038f4       0x1c termination.o
                0x001038f4                TerminateTitle
 .text.TerminateProcess
                0x00103910       0x1c termination.o
                0x00103910                TerminateProcess
 *fill*         0x0010392c        0x4 
 .text.terminateAllProcesses
                0x00103930      0x364 termination.o
                0x00103930                terminateAllProcesses
 .text.PrepareForRebootAsync
                0x00103c94       0x2c termination.o
 .text.PrepareForReboot
                0x00103cc0       0x60 termination.o
                0x00103cc0                PrepareForReboot
 .text.ChainloadHomebrewDirty
                0x00103d20       0x68 termination.o
                0x00103d20                ChainloadHomebrewDirty
 .text.srvInit  0x00103d88      0x12c C:/devkitPro/libctru/lib\libctru.a(srv.o)
                0x00103d88                srvInit
 .text.srvExit  0x00103eb4       0x58 C:/devkitPro/libctru/lib\libctru.a(srv.o)
                0x00103eb4                srvExit
 .text.srvGetSessionHandle
                0x00103f0c        0xc C:/devkitPro/libctru/lib\libctru.a(srv.o)
                0x00103f0c                srvGetSessionHandle
 .text.srvEnableNotification
                0x00103f18       0x60 C:/devkitPro/libctru/lib\libctru.a(srv.o)
                0x00103f18                srvEnableNotification
 .text.srvRegisterService
                0x00103f78       0x90 C:/devkitPro/libctru/lib\libctru.a(srv.o)
                0x00103f78                srvRegisterService
 .text.srvUnregisterService
                0x00104008       0x58 C:/devkitPro/libctru/lib\libctru.a(srv.o)
                0x00104008                srvUnregisterService
 .text.srvGetServiceHandleDirect
                0x00104060       0xa0 C:/devkitPro/libctru/lib\libctru.a(srv.o)
                0x00104060                srvGetServiceHandleDirect
 .text.srvGetServiceHandle
                0x00104100       0x38 C:/devkitPro/libctru/lib\libctru.a(srv.o)
                0x00104100                srvGetServiceHandle
 .text.srvSubscribe
                0x00104138       0x34 C:/devkitPro/libctru/lib\libctru.a(srv.o)
                0x00104138                srvSubscribe
 .text.srvUnsubscribe
                0x0010416c       0x34 C:/devkitPro/libctru/lib\libctru.a(srv.o)
                0x0010416c                srvUnsubscribe
 .text.srvReceiveNotification
                0x001041a0       0x60 C:/devkitPro/libctru/lib\libctru.a(srv.o)
                0x001041a0                srvReceiveNotification
 .text.srvPublishToSubscriber
                0x00104200       0x38 C:/devkitPro/libctru/lib\libctru.a(srv.o)
                0x00104200                srvPublishToSubscriber
 .text.__sync_init
                0x00104238        0xc C:/devkitPro/libctru/lib\libctru.a(synchronization.o)
                0x00104238                __sync_init
 .text.LightLock_Lock
                0x00104244       0xac C:/devkitPro/libctru/lib\libctru.a(synchronization.o)
                0x00104244                LightLock_Lock
 .text.RecursiveLock_Init
                0x001042f0       0x24 C:/devkitPro/libctru/lib\libctru.a(synchronization.o)
                0x001042f0                RecursiveLock_Init
 .text.RecursiveLock_Lock
                0x00104314       0x30 C:/devkitPro/libctru/lib\libctru.a(synchronization.o)
                0x00104314                RecursiveLock_Lock
 .text.RecursiveLock_Unlock
                0x00104344       0x54 C:/devkitPro/libctru/lib\libctru.a(synchronization.o)
                0x00104344                RecursiveLock_Unlock
 .text.LightEvent_Init
                0x00104398       0x40 C:/devkitPro/libctru/lib\libctru.a(synchronization.o)
                0x00104398                LightEvent_Init
 .text.LightEvent_Signal
                0x001043d8       0xc8 C:/devkitPro/libctru/lib\libctru.a(synchronization.o)
                0x001043d8                LightEvent_Signal
 .text.LightEvent_Wait
                0x001044a0       0xa0 C:/devkitPro/libctru/lib\libctru.a(synchronization.o)
                0x001044a0                LightEvent_Wait
 .text.fsInit   0x00104540       0xcc C:/devkitPro/libctru/lib\libctru.a(fs.o)
                0x00104540                fsInit
 .text.fsMakePath
                0x0010460c       0x84 C:/devkitPro/libctru/lib\libctru.a(fs.o)
                0x0010460c                fsMakePath
 .text.FSUSER_OpenArchive
                0x00104690       0x94 C:/devkitPro/libctru/lib\libctru.a(fs.o)
                0x00104690                FSUSER_OpenArchive
 .text.fsRegInit
                0x00104724       0x74 C:/devkitPro/libctru/lib\libctru.a(fsreg.o)
                0x00104724                fsRegInit
 .text.FSREG_Register
                0x00104798       0xa0 C:/devkitPro/libctru/lib\libctru.a(fsreg.o)
                0x00104798                FSREG_Register
 .text.FSREG_Unregister
                0x00104838       0x34 C:/devkitPro/libctru/lib\libctru.a(fsreg.o)
                0x00104838                FSREG_Unregister
 .text.loaderInit
                0x0010486c       0x74 C:/devkitPro/libctru/lib\libctru.a(loader.o)
                0x0010486c                loaderInit
 .text.LOADER_LoadProcess
                0x001048e0       0x40 C:/devkitPro/libctru/lib\libctru.a(loader.o)
                0x001048e0                LOADER_LoadProcess
 .text.LOADER_RegisterProgram
                0x00104920       0x7c C:/devkitPro/libctru/lib\libctru.a(loader.o)
                0x00104920                LOADER_RegisterProgram
 .text.LOADER_UnregisterProgram
                0x0010499c       0x38 C:/devkitPro/libctru/lib\libctru.a(loader.o)
                0x0010499c                LOADER_UnregisterProgram
 .text.LOADER_GetProgramInfo
                0x001049d4       0x58 C:/devkitPro/libctru/lib\libctru.a(loader.o)
                0x001049d4                LOADER_GetProgramInfo
 .text.srvPmExit
                0x00104a2c       0x70 C:/devkitPro/libctru/lib\libctru.a(srvpm.o)
                0x00104a2c                srvPmExit
 .text.srvPmInit
                0x00104a9c       0xb8 C:/devkitPro/libctru/lib\libctru.a(srvpm.o)
                0x00104a9c                srvPmInit
 .text.srvPmGetSessionHandle
                0x00104b54        0xc C:/devkitPro/libctru/lib\libctru.a(srvpm.o)
                0x00104b54                srvPmGetSessionHandle
 .text.SRVPM_PublishToProcess
                0x00104b60       0x60 C:/devkitPro/libctru/lib\libctru.a(srvpm.o)
                0x00104b60                SRVPM_PublishToProcess
 .text.SRVPM_RegisterProcess
                0x00104bc0       0x6c C:/devkitPro/libctru/lib\libctru.a(srvpm.o)
                0x00104bc0                SRVPM_RegisterProcess
 .text.SRVPM_UnregisterProcess
                0x00104c2c       0x58 C:/devkitPro/libctru/lib\libctru.a(srvpm.o)
                0x00104c2c                SRVPM_UnregisterProcess
 .text.svcExitProcess
                0x00104c84        0x8 C:/devkitPro/libctru/lib\libctru.a(svc.o)
                0x00104c84                svcExitProcess
 .text.svcSetProcessAffinityMask
                0x00104c8c        0x8 C:/devkitPro/libctru/lib\libctru.a(svc.o)
                0x00104c8c                svcSetProcessAffinityMask
 .text.svcSetProcessIdealProcessor
                0x00104c94        0x8 C:/devkitPro/libctru/lib\libctru.a(svc.o)
                0x00104c94                svcSetProcessIdealProcessor
 .text.svcCreateThread
                0x00104c9c       0x20 C:/devkitPro/libctru/lib\libctru.a(svc.o)
                0x00104c9c                svcCreateThread
 .text.svcExitThread
                0x00104cbc        0x8 C:/devkitPro/libctru/lib\libctru.a(svc.o)
                0x00104cbc                svcExitThread
 .text.svcSleepThread
                0x00104cc4        0x8 C:/devkitPro/libctru/lib\libctru.a(svc.o)
                0x00104cc4                svcSleepThread
 .text.svcRun   0x00104ccc       0x24 C:/devkitPro/libctru/lib\libctru.a(svc.o)
                0x00104ccc                svcRun
 .text.svcCreateEvent
                0x00104cf0       0x14 C:/devkitPro/libctru/lib\libctru.a(svc.o)
                0x00104cf0                svcCreateEvent
 .text.svcSignalEvent
                0x00104d04        0x8 C:/devkitPro/libctru/lib\libctru.a(svc.o)
                0x00104d04                svcSignalEvent
 .text.svcClearEvent
                0x00104d0c        0x8 C:/devkitPro/libctru/lib\libctru.a(svc.o)
                0x00104d0c                svcClearEvent
 .text.svcCreateAddressArbiter
                0x00104d14       0x14 C:/devkitPro/libctru/lib\libctru.a(svc.o)
                0x00104d14                svcCreateAddressArbiter
 .text.svcArbitrateAddressNoTimeout
                0x00104d28        0x8 C:/devkitPro/libctru/lib\libctru.a(svc.o)
                0x00104d28                svcArbitrateAddressNoTimeout
 .text.svcCloseHandle
                0x00104d30        0x8 C:/devkitPro/libctru/lib\libctru.a(svc.o)
                0x00104d30                svcCloseHandle
 .text.svcWaitSynchronization
                0x00104d38        0x8 C:/devkitPro/libctru/lib\libctru.a(svc.o)
                0x00104d38                svcWaitSynchronization
 .text.svcWaitSynchronizationN
                0x00104d40       0x28 C:/devkitPro/libctru/lib\libctru.a(svc.o)
                0x00104d40                svcWaitSynchronizationN
 .text.svcDuplicateHandle
                0x00104d68       0x14 C:/devkitPro/libctru/lib\libctru.a(svc.o)
                0x00104d68                svcDuplicateHandle
 .text.svcGetSystemTick
                0x00104d7c        0x8 C:/devkitPro/libctru/lib\libctru.a(svc.o)
                0x00104d7c                svcGetSystemTick
 .text.svcGetSystemInfo
                0x00104d84       0x18 C:/devkitPro/libctru/lib\libctru.a(svc.o)
                0x00104d84                svcGetSystemInfo
 .text.svcConnectToPort
                0x00104d9c       0x14 C:/devkitPro/libctru/lib\libctru.a(svc.o)
                0x00104d9c                svcConnectToPort
 .text.svcSendSyncRequest
                0x00104db0        0x8 C:/devkitPro/libctru/lib\libctru.a(svc.o)
                0x00104db0                svcSendSyncRequest
 .text.svcOpenProcess
                0x00104db8       0x14 C:/devkitPro/libctru/lib\libctru.a(svc.o)
                0x00104db8                svcOpenProcess
 .text.svcGetProcessId
                0x00104dcc       0x14 C:/devkitPro/libctru/lib\libctru.a(svc.o)
                0x00104dcc                svcGetProcessId
 .text.svcGetResourceLimitLimitValues
                0x00104de0        0x8 C:/devkitPro/libctru/lib\libctru.a(svc.o)
                0x00104de0                svcGetResourceLimitLimitValues
 .text.svcCreatePort
                0x00104de8       0x20 C:/devkitPro/libctru/lib\libctru.a(svc.o)
                0x00104de8                svcCreatePort
 .text.svcAcceptSession
                0x00104e08       0x18 C:/devkitPro/libctru/lib\libctru.a(svc.o)
                0x00104e08                svcAcceptSession
 .text.svcReplyAndReceive
                0x00104e20       0x18 C:/devkitPro/libctru/lib\libctru.a(svc.o)
                0x00104e20                svcReplyAndReceive
 .text.svcDebugActiveProcess
                0x00104e38       0x14 C:/devkitPro/libctru/lib\libctru.a(svc.o)
                0x00104e38                svcDebugActiveProcess
 .text.svcTerminateProcess
                0x00104e4c        0x8 C:/devkitPro/libctru/lib\libctru.a(svc.o)
                0x00104e4c                svcTerminateProcess
 .text.svcSetProcessResourceLimits
                0x00104e54        0x8 C:/devkitPro/libctru/lib\libctru.a(svc.o)
                0x00104e54                svcSetProcessResourceLimits
 .text.svcCreateResourceLimit
                0x00104e5c       0x14 C:/devkitPro/libctru/lib\libctru.a(svc.o)
                0x00104e5c                svcCreateResourceLimit
 .text.svcSetResourceLimitValues
                0x00104e70        0x8 C:/devkitPro/libctru/lib\libctru.a(svc.o)
                0x00104e70                svcSetResourceLimitValues
 .text.svcKernelSetState
                0x00104e78        0x8 C:/devkitPro/libctru/lib\libctru.a(svc.o)
                0x00104e78                svcKernelSetState
 .text.envGetHandle
                0x00104e80       0x84 C:/devkitPro/libctru/lib\libctru.a(env.o)
                0x00104e80                envGetHandle
 .text.__udivmoddi4
                0x00104f04      0x120 C:/devkitPro/devkitARM/bin/../lib/gcc/arm-none-eabi/13.2.0/armv6k/fpu\libgcc.a(_udivmoddi4.o)
                0x00104f04                __udivmoddi4
 .text.strlen   0x00105024       0x5c C:/devkitPro/devkitARM/bin/../lib/gcc/arm-none-eabi/13.2.0/../../../../arm-none-eabi/lib/armv6k/fpu\libg.a(libc_a-strlen-stub.o)
                0x00105024                strlen
 .text.strnlen  0x00105080       0x48 C:/devkitPro/devkitARM/bin/../lib/gcc/arm-none-eabi/13.2.0/../../../../arm-none-eabi/lib/armv6k/fpu\libg.a(libc_a-strnlen.o)
                0x00105080                strnlen
 .text.memcpy   0x001050c8      0x11c C:/devkitPro/devkitARM/bin/../lib/gcc/arm-none-eabi/13.2.0/../../../../arm-none-eabi/lib/armv6k/fpu\libg.a(libc_a-memcpy-stub.o)
                0x001050c8                memcpy
 .text.memset   0x001051e4       0xf4 C:/devkitPro/devkitARM/bin/../lib/gcc/arm-none-eabi/13.2.0/../../../../arm-none-eabi/lib/armv6k/fpu\libg.a(libc_a-memset.o)
                0x001051e4                memset
 .text.strncpy  0x001052d8       0xc4 C:/devkitPro/devkitARM/bin/../lib/gcc/arm-none-eabi/13.2.0/../../../../arm-none-eabi/lib/armv6k/fpu\libg.a(libc_a-strncpy.o)
                0x001052d8                strncpy
 *(.glue_7)
 .glue_7        0x0010539c        0x0 linker stubs
 *(.glue_7t)
 .glue_7t       0x0010539c        0x0 linker stubs
 *(.stub)
 *(.gnu.warning)
 *(.gnu.linkonce.t*)
                0x0010539c                        . = ALIGN (0x4)
 *(.fini)
 .fini          0x0010539c        0xc C:/devkitPro/devkitARM/bin/../lib/gcc/arm-none-eabi/13.2.0/armv6k/fpu/crti.o
                0x0010539c                _fini
 .fini          0x001053a8        0xc C:/devkitPro/devkitARM/bin/../lib/gcc/arm-none-eabi/13.2.0/armv6k/fpu/crtn.o
                0x001053b4                        . = ALIGN (0x4)

.vfp11_veneer   0x001053b4        0x0
 .vfp11_veneer  0x001053b4        0x0 linker stubs

.v4_bx          0x001053b4        0x0
 .v4_bx         0x001053b4        0x0 linker stubs

.iplt           0x001053b4        0x0
 .iplt          0x001053b4        0x0 C:/devkitPro/devkitARM/bin/../lib/gcc/arm-none-eabi/13.2.0/../../../../arm-none-eabi/lib/armv6k/fpu/3dsx_crt0.o
                0x00106000                        . = ALIGN (0x1000)

.rodata         0x00106000       0xd4
 *(.rodata)
 *(.roda)
 *(.rodata.*)
 .rodata.CSWTCH.44
                0x00106000       0x10 launch.o
 .rodata.notifications
                0x00106010       0x10 main.o
 .rodata.str1.4
                0x00106020       0x37 main.o
                                  0xf (size before relaxing)
 *fill*         0x00106057        0x1 
 .rodata.services
                0x00106058       0x30 main.o
 .rodata.storageInfo.0
                0x00106088       0x20 manager.o
 .rodata.g_reslimitInitOrder
                0x001060a8       0x28 reslimit.o
 .rodata.forceMountSdCard.str1.4
                0x001060d0        0x1 termination.o
 .rodata.srvInit.str1.4
                0x001060d0        0x5 C:/devkitPro/libctru/lib\libctru.a(srv.o)
 .rodata.fsInit.str1.4
                0x001060d0        0x8 C:/devkitPro/libctru/lib\libctru.a(fs.o)
 .rodata.fsMakePath.str1.4
                0x001060d0        0x1 C:/devkitPro/libctru/lib\libctru.a(fs.o)
 .rodata.fsRegInit.str1.4
                0x001060d0        0x7 C:/devkitPro/libctru/lib\libctru.a(fsreg.o)
 .rodata.loaderInit.str1.4
                0x001060d0        0x7 C:/devkitPro/libctru/lib\libctru.a(loader.o)
 .rodata.srvPmInit.str1.4
                0x001060d0        0x7 C:/devkitPro/libctru/lib\libctru.a(srvpm.o)
 *all.rodata*(*)
 *(.gnu.linkonce.r*)
                0x001060d8                        . = ALIGN (0x4)
                0x001060d0                        __tdata_align = .
                0x001060d0        0x4 LONG 0x4 ALIGNOF (.tdata)
                0x001060d4                        . = ALIGN (0x4)

.eh_frame       0x001060d4        0x0
 .eh_frame      0x001060d4        0x0 C:/devkitPro/devkitARM/bin/../lib/gcc/arm-none-eabi/13.2.0/armv6k/fpu/crtbegin.o

.rel.dyn        0x001060d4        0x0
 .rel.iplt      0x001060d4        0x0 C:/devkitPro/devkitARM/bin/../lib/gcc/arm-none-eabi/13.2.0/../../../../arm-none-eabi/lib/armv6k/fpu/3dsx_crt0.o

.ARM.extab
 *(.ARM.extab* .gnu.linkonce.armextab.*)
                0x001060d4                        __exidx_start = .

.ARM.exidx
 *(.ARM.exidx* .gnu.linkonce.armexidx.*)
                0x001060d4                        __exidx_end = .
                0x00107000                        . = ALIGN (0x1000)

.data           0x00107000      0x280
 *(.data)
 *(.data.*)
 .data.g_n3dsReslimitValues
                0x00107000      0x140 reslimit.o
 .data.g_o3dsReslimitValues
                0x00107140      0x140 reslimit.o
 *(.gnu.linkonce.d*)
                0x00107280                        . = ALIGN (0x4)

.igot.plt       0x00107280        0x0
 .igot.plt      0x00107280        0x0 C:/devkitPro/devkitARM/bin/../lib/gcc/arm-none-eabi/13.2.0/../../../../arm-none-eabi/lib/armv6k/fpu/3dsx_crt0.o

.tdata          0x00107280        0x0
                0x00107280                        __tdata_lma = .
 *(.tdata)
 *(.tdata.*)
 *(.gnu.linkonce.td.*)
                0x00107280                        . = ALIGN (0x4)
                0x00107280                        __tdata_lma_end = .

.tbss           0x00107280        0x0
 *(.tbss)
 *(.tbss.*)
 *(.gnu.linkonce.tb.*)
 *(.tcommon)
                0x00107280                        . = ALIGN (0x4)

.preinit_array  0x00107280        0x0
                [!provide]                        PROVIDE (__preinit_array_start = .)
 *(.preinit_array)
                [!provide]                        PROVIDE (__preinit_array_end = .)

.init_array     0x00107280        0x4
                [!provide]                        PROVIDE (__init_array_start = .)
 *(SORT_BY_NAME(.init_array.*))
 *(.init_array)
 .init_array    0x00107280        0x4 C:/devkitPro/devkitARM/bin/../lib/gcc/arm-none-eabi/13.2.0/armv6k/fpu/crtbegin.o
                [!provide]                        PROVIDE (__init_array_end = .)

.fini_array     0x00107284        0x4
                [!provide]                        PROVIDE (__fini_array_start = .)
 *(.fini_array)
 .fini_array    0x00107284        0x4 C:/devkitPro/devkitARM/bin/../lib/gcc/arm-none-eabi/13.2.0/armv6k/fpu/crtbegin.o
 *(SORT_BY_NAME(.fini_array.*))
                [!provide]                        PROVIDE (__fini_array_end = .)

.ctors
 *crtbegin.o(.ctors)
 *(EXCLUDE_FILE(*crtend.o) .ctors)
 *(SORT_BY_NAME(.ctors.*))
 *(.ctors)

.dtors
 *crtbegin.o(.dtors)
 *(EXCLUDE_FILE(*crtend.o) .dtors)
 *(SORT_BY_NAME(.dtors.*))
 *(.dtors)
                0x00107288                        __bss_start__ = .

.bss            0x00107288     0x4528
 *(.dynbss)
 *(.bss)
 *(.bss.*)
 .bss.completed.1
                0x00107288        0x1 C:/devkitPro/devkitARM/bin/../lib/gcc/arm-none-eabi/13.2.0/armv6k/fpu/crtbegin.o
 *fill*         0x00107289        0x3 
 .bss.object.0  0x0010728c       0x18 C:/devkitPro/devkitARM/bin/../lib/gcc/arm-none-eabi/13.2.0/armv6k/fpu/crtbegin.o
 .bss.g_headNode
                0x001072a4        0x4 exheader_info_heap.o
 .bss.g_debugNextApplication
                0x001072a8        0x1 launch.o
 *fill*         0x001072a9        0x3 
 .bss.bootConfig
                0x001072ac        0x4 luma.o
                0x001072ac                bootConfig
 .bss.multiConfig
                0x001072b0        0x4 luma.o
                0x001072b0                multiConfig
 .bss.config    0x001072b4        0x4 luma.o
                0x001072b4                config
 .bss.threadStacks
                0x001072b8     0x2000 main.o
 .bss.exheaderInfoBuffer
                0x001092b8     0x1800 main.o
 .bss.processDataBuffer
                0x0010aab8      0xc00 main.o
 .bss.taskRunnerThread
                0x0010b6b8       0x14 main.o
 .bss.processMonitorThread
                0x0010b6cc       0x14 main.o
 .bss.g_manager
                0x0010b6e0       0x40 manager.o
                0x0010b6e0                g_manager
 .bss.g_defaultAppMemLimit
                0x0010b720        0x4 reslimit.o
 .bss.g_taskRunner
                0x0010b724       0x58 task_runner.o
                0x0010b724                g_taskRunner
 .bss.srvRefCount
                0x0010b77c        0x4 C:/devkitPro/libctru/lib\libctru.a(srv.o)
 .bss.srvHandle
                0x0010b780        0x4 C:/devkitPro/libctru/lib\libctru.a(srv.o)
 .bss.arbiter   0x0010b784        0x4 C:/devkitPro/libctru/lib\libctru.a(synchronization.o)
 .bss.fsuRefCount
                0x0010b788        0x4 C:/devkitPro/libctru/lib\libctru.a(fs.o)
 .bss.fsuHandle
                0x0010b78c        0x4 C:/devkitPro/libctru/lib\libctru.a(fs.o)
 .bss.fsRegRefCount
                0x0010b790        0x4 C:/devkitPro/libctru/lib\libctru.a(fsreg.o)
 .bss.fsRegHandle
                0x0010b794        0x4 C:/devkitPro/libctru/lib\libctru.a(fsreg.o)
 .bss.loaderRefCount
                0x0010b798        0x4 C:/devkitPro/libctru/lib\libctru.a(loader.o)
 .bss.loaderHandle
                0x0010b79c        0x4 C:/devkitPro/libctru/lib\libctru.a(loader.o)
 .bss.srvPmRefCount
                0x0010b7a0        0x4 C:/devkitPro/libctru/lib\libctru.a(srvpm.o)
 .bss.srvPmHandle
                0x0010b7a4        0x4 C:/devkitPro/libctru/lib\libctru.a(srvpm.o)
 .bss.__system_argv
                0x0010b7a8        0x4 C:/devkitPro/libctru/lib\libctru.a(initArgv.o)
                0x0010b7a8                __system_argv
 .bss.__system_argc
                0x0010b7ac        0x4 C:/devkitPro/libctru/lib\libctru.a(initArgv.o)
                0x0010b7ac                __system_argc
 *(.gnu.linkonce.b*)
 *(COMMON)
                0x0010b7b0                        . = (0x8 + ABSOLUTE (ALIGN (ABSOLUTE ((. - 0x8)), ALIGNOF (.tdata))))
                0x0010b7b0                        __tls_start = .
                0x0010b7b0                        . = (. + SIZEOF (.tdata))
                0x0010b7b0                        . = ALIGN (ALIGNOF (.tbss))
                0x0010b7b0                        . = (. + SIZEOF (.tbss))
                0x0010b7b0                        __tls_end = .
                0x0010b7b0                        __bss_end__ = .
                0x0010b7b0                        __end__ = ABSOLUTE (.)

/DISCARD/
 *(.group .comment .note)

.stab
 *(.stab)

.stabstr
 *(.stabstr)

.stab.excl
 *(.stab.excl)

.stab.exclstr
 *(.stab.exclstr)

.stab.index
 *(.stab.index)

.stab.indexstr
 *(.stab.indexstr)

.debug
 *(.debug)

.line
 *(.line)

.debug_srcinfo
 *(.debug_srcinfo)

.debug_sfnames
 *(.debug_sfnames)

.debug_aranges  0x00000000      0xe40
 *(.debug_aranges)
 .debug_aranges
                0x00000000       0x30 exheader_info_heap.o
 .debug_aranges
                0x00000030       0x48 firmlaunch.o
 .debug_aranges
                0x00000078       0x50 info.o
 .debug_aranges
                0x000000c8       0x88 launch.o
 .debug_aranges
                0x00000150       0x40 luma.o
 .debug_aranges
                0x00000190       0x48 main.o
 .debug_aranges
                0x000001d8       0x38 manager.o
 .debug_aranges
                0x00000210       0x38 my_thread.o
 .debug_aranges
                0x00000248       0x20 pmapp.o
 .debug_aranges
                0x00000268       0x20 pmdbg.o
 .debug_aranges
                0x00000288       0x60 process_data.o
 .debug_aranges
                0x000002e8       0x28 process_monitor.o
 .debug_aranges
                0x00000310       0x58 reslimit.o
 .debug_aranges
                0x00000368       0x20 service_manager.o
 .debug_aranges
                0x00000388       0x48 task_runner.o
 .debug_aranges
                0x000003d0       0x98 termination.o
 .debug_aranges
                0x00000468       0xc0 C:/devkitPro/libctru/lib\libctru.a(srv.o)
 .debug_aranges
                0x00000528       0xf0 C:/devkitPro/libctru/lib\libctru.a(synchronization.o)
 .debug_aranges
                0x00000618      0x3b8 C:/devkitPro/libctru/lib\libctru.a(fs.o)
 .debug_aranges
                0x000009d0       0x60 C:/devkitPro/libctru/lib\libctru.a(fsreg.o)
 .debug_aranges
                0x00000a30       0x48 C:/devkitPro/libctru/lib\libctru.a(loader.o)
 .debug_aranges
                0x00000a78       0x50 C:/devkitPro/libctru/lib\libctru.a(srvpm.o)
 .debug_aranges
                0x00000ac8       0x20 C:/devkitPro/libctru/lib\libctru.a(initArgv.o)
 .debug_aranges
                0x00000ae8      0x330 C:/devkitPro/libctru/lib\libctru.a(svc.o)
 .debug_aranges
                0x00000e18       0x28 C:/devkitPro/libctru/lib\libctru.a(env.o)

.debug_pubnames
 *(.debug_pubnames)

.debug_info     0x00000000    0x1dbe4
 *(.debug_info)
 .debug_info    0x00000000      0x954 exheader_info_heap.o
 .debug_info    0x00000954      0x890 firmlaunch.o
 .debug_info    0x000011e4     0x1536 info.o
 .debug_info    0x0000271a     0x2944 launch.o
 .debug_info    0x0000505e      0x42f luma.o
 .debug_info    0x0000548d      0x865 main.o
 .debug_info    0x00005cf2      0xf11 manager.o
 .debug_info    0x00006c03      0x3d1 my_thread.o
 .debug_info    0x00006fd4      0x8d8 pmapp.o
 .debug_info    0x000078ac      0x484 pmdbg.o
 .debug_info    0x00007d30      0xac3 process_data.o
 .debug_info    0x000087f3     0x123f process_monitor.o
 .debug_info    0x00009a32      0xfec reslimit.o
 .debug_info    0x0000aa1e      0x779 service_manager.o
 .debug_info    0x0000b197      0x583 task_runner.o
 .debug_info    0x0000b71a     0x2b29 termination.o
 .debug_info    0x0000e243     0x1af2 C:/devkitPro/libctru/lib\libctru.a(srv.o)
 .debug_info    0x0000fd35     0x2956 C:/devkitPro/libctru/lib\libctru.a(synchronization.o)
 .debug_info    0x0001268b     0x8f48 C:/devkitPro/libctru/lib\libctru.a(fs.o)
 .debug_info    0x0001b5d3      0xccf C:/devkitPro/libctru/lib\libctru.a(fsreg.o)
 .debug_info    0x0001c2a2      0xb48 C:/devkitPro/libctru/lib\libctru.a(loader.o)
 .debug_info    0x0001cdea      0x872 C:/devkitPro/libctru/lib\libctru.a(srvpm.o)
 .debug_info    0x0001d65c      0x2bc C:/devkitPro/libctru/lib\libctru.a(initArgv.o)
 .debug_info    0x0001d918       0x23 C:/devkitPro/libctru/lib\libctru.a(svc.o)
 .debug_info    0x0001d93b      0x2a9 C:/devkitPro/libctru/lib\libctru.a(env.o)

.debug_abbrev   0x00000000     0x4d7a
 *(.debug_abbrev)
 .debug_abbrev  0x00000000      0x25b exheader_info_heap.o
 .debug_abbrev  0x0000025b      0x2d8 firmlaunch.o
 .debug_abbrev  0x00000533      0x35e info.o
 .debug_abbrev  0x00000891      0x5b7 launch.o
 .debug_abbrev  0x00000e48      0x16f luma.o
 .debug_abbrev  0x00000fb7      0x330 main.o
 .debug_abbrev  0x000012e7      0x3a4 manager.o
 .debug_abbrev  0x0000168b      0x1b9 my_thread.o
 .debug_abbrev  0x00001844      0x251 pmapp.o
 .debug_abbrev  0x00001a95      0x21f pmdbg.o
 .debug_abbrev  0x00001cb4      0x2e9 process_data.o
 .debug_abbrev  0x00001f9d      0x365 process_monitor.o
 .debug_abbrev  0x00002302      0x408 reslimit.o
 .debug_abbrev  0x0000270a      0x25c service_manager.o
 .debug_abbrev  0x00002966      0x23c task_runner.o
 .debug_abbrev  0x00002ba2      0x56d termination.o
 .debug_abbrev  0x0000310f      0x514 C:/devkitPro/libctru/lib\libctru.a(srv.o)
 .debug_abbrev  0x00003623      0x4f2 C:/devkitPro/libctru/lib\libctru.a(synchronization.o)
 .debug_abbrev  0x00003b15      0x620 C:/devkitPro/libctru/lib\libctru.a(fs.o)
 .debug_abbrev  0x00004135      0x320 C:/devkitPro/libctru/lib\libctru.a(fsreg.o)
 .debug_abbrev  0x00004455      0x2cb C:/devkitPro/libctru/lib\libctru.a(loader.o)
 .debug_abbrev  0x00004720      0x2f1 C:/devkitPro/libctru/lib\libctru.a(srvpm.o)
 .debug_abbrev  0x00004a11      0x198 C:/devkitPro/libctru/lib\libctru.a(initArgv.o)
 .debug_abbrev  0x00004ba9       0x12 C:/devkitPro/libctru/lib\libctru.a(svc.o)
 .debug_abbrev  0x00004bbb      0x1bf C:/devkitPro/libctru/lib\libctru.a(env.o)

.debug_line     0x00000000    0x11f18
 *(.debug_line)
 .debug_line    0x00000000      0x3e7 exheader_info_heap.o
 .debug_line    0x000003e7      0x3aa firmlaunch.o
 .debug_line    0x00000791      0x752 info.o
 .debug_line    0x00000ee3     0x138a launch.o
 .debug_line    0x0000226d      0x317 luma.o
 .debug_line    0x00002584      0x493 main.o
 .debug_line    0x00002a17      0x69c manager.o
 .debug_line    0x000030b3      0x1fe my_thread.o
 .debug_line    0x000032b1      0x5e1 pmapp.o
 .debug_line    0x00003892      0x39e pmdbg.o
 .debug_line    0x00003c30      0x648 process_data.o
 .debug_line    0x00004278      0x591 process_monitor.o
 .debug_line    0x00004809      0x714 reslimit.o
 .debug_line    0x00004f1d      0x68e service_manager.o
 .debug_line    0x000055ab      0x3bd task_runner.o
 .debug_line    0x00005968     0x126a termination.o
 .debug_line    0x00006bd2      0xff5 C:/devkitPro/libctru/lib\libctru.a(srv.o)
 .debug_line    0x00007bc7     0x1654 C:/devkitPro/libctru/lib\libctru.a(synchronization.o)
 .debug_line    0x0000921b     0x6c10 C:/devkitPro/libctru/lib\libctru.a(fs.o)
 .debug_line    0x0000fe2b      0x69f C:/devkitPro/libctru/lib\libctru.a(fsreg.o)
 .debug_line    0x000104ca      0x565 C:/devkitPro/libctru/lib\libctru.a(loader.o)
 .debug_line    0x00010a2f      0x6bb C:/devkitPro/libctru/lib\libctru.a(srvpm.o)
 .debug_line    0x000110ea      0x42c C:/devkitPro/libctru/lib\libctru.a(initArgv.o)
 .debug_line    0x00011516      0x78f C:/devkitPro/libctru/lib\libctru.a(svc.o)
 .debug_line    0x00011ca5      0x273 C:/devkitPro/libctru/lib\libctru.a(env.o)

.debug_frame    0x00000000     0x2758
 *(.debug_frame)
 .debug_frame   0x00000000       0x4c exheader_info_heap.o
 .debug_frame   0x0000004c       0xa8 firmlaunch.o
 .debug_frame   0x000000f4      0x10c info.o
 .debug_frame   0x00000200      0x270 launch.o
 .debug_frame   0x00000470       0xa8 luma.o
 .debug_frame   0x00000518       0xa8 main.o
 .debug_frame   0x000005c0       0x88 manager.o
 .debug_frame   0x00000648       0x6c my_thread.o
 .debug_frame   0x000006b4       0x40 pmapp.o
 .debug_frame   0x000006f4       0x48 pmdbg.o
 .debug_frame   0x0000073c       0xcc process_data.o
 .debug_frame   0x00000808       0x48 process_monitor.o
 .debug_frame   0x00000850       0xf8 reslimit.o
 .debug_frame   0x00000948       0x44 service_manager.o
 .debug_frame   0x0000098c       0xac task_runner.o
 .debug_frame   0x00000a38      0x23c termination.o
 .debug_frame   0x00000c74      0x254 C:/devkitPro/libctru/lib\libctru.a(srv.o)
 .debug_frame   0x00000ec8      0x2b4 C:/devkitPro/libctru/lib\libctru.a(synchronization.o)
 .debug_frame   0x0000117c      0xce8 C:/devkitPro/libctru/lib\libctru.a(fs.o)
 .debug_frame   0x00001e64       0xe0 C:/devkitPro/libctru/lib\libctru.a(fsreg.o)
 .debug_frame   0x00001f44       0xa4 C:/devkitPro/libctru/lib\libctru.a(loader.o)
 .debug_frame   0x00001fe8       0xb0 C:/devkitPro/libctru/lib\libctru.a(srvpm.o)
 .debug_frame   0x00002098       0x34 C:/devkitPro/libctru/lib\libctru.a(initArgv.o)
 .debug_frame   0x000020cc      0x640 C:/devkitPro/libctru/lib\libctru.a(svc.o)
 .debug_frame   0x0000270c       0x4c C:/devkitPro/libctru/lib\libctru.a(env.o)

.debug_str      0x00000000     0x52ed
 *(.debug_str)
 .debug_str     0x00000000     0x52ed exheader_info_heap.o
                                0x908 (size before relaxing)
 .debug_str     0x000052ed      0x5d0 firmlaunch.o
 .debug_str     0x000052ed     0x10ad info.o
 .debug_str     0x000052ed     0x134c launch.o
 .debug_str     0x000052ed      0x43f luma.o
 .debug_str     0x000052ed      0x6af main.o
 .debug_str     0x000052ed      0xa96 manager.o
 .debug_str     0x000052ed      0x31b my_thread.o
 .debug_str     0x000052ed      0x718 pmapp.o
 .debug_str     0x000052ed      0x3e8 pmdbg.o
 .debug_str     0x000052ed      0x65f process_data.o
 .debug_str     0x000052ed      0xdad process_monitor.o
 .debug_str     0x000052ed      0xbbf reslimit.o
 .debug_str     0x000052ed      0x47e service_manager.o
 .debug_str     0x000052ed      0x52e task_runner.o
 .debug_str     0x000052ed     0x1856 termination.o
 .debug_str     0x000052ed      0xad9 C:/devkitPro/libctru/lib\libctru.a(srv.o)
 .debug_str     0x000052ed      0x985 C:/devkitPro/libctru/lib\libctru.a(synchronization.o)
 .debug_str     0x000052ed     0x1d15 C:/devkitPro/libctru/lib\libctru.a(fs.o)
 .debug_str     0x000052ed      0x947 C:/devkitPro/libctru/lib\libctru.a(fsreg.o)
 .debug_str     0x000052ed      0x91d C:/devkitPro/libctru/lib\libctru.a(loader.o)
 .debug_str     0x000052ed      0x582 C:/devkitPro/libctru/lib\libctru.a(srvpm.o)
 .debug_str     0x000052ed      0x2f8 C:/devkitPro/libctru/lib\libctru.a(initArgv.o)
 .debug_str     0x000052ed       0xc5 C:/devkitPro/libctru/lib\libctru.a(svc.o)
 .debug_str     0x000052ed      0x2a6 C:/devkitPro/libctru/lib\libctru.a(env.o)

.debug_loc
 *(.debug_loc)

.debug_macinfo
 *(.debug_macinfo)
LOAD C:/devkitPro/devkitARM/bin/../lib/gcc/arm-none-eabi/13.2.0/../../../../arm-none-eabi/lib/armv6k/fpu/3dsx_crt0.o
LOAD C:/devkitPro/devkitARM/bin/../lib/gcc/arm-none-eabi/13.2.0/armv6k/fpu/crti.o
LOAD C:/devkitPro/devkitARM/bin/../lib/gcc/arm-none-eabi/13.2.0/armv6k/fpu/crtbegin.o
LOAD exheader_info_heap.o
LOAD firmlaunch.o
LOAD info.o
LOAD launch.o
LOAD luma.o
LOAD main.o
LOAD manager.o
LOAD my_thread.o
LOAD pmapp.o
LOAD pmdbg.o
LOAD process_data.o
LOAD process_monitor.o
LOAD reslimit.o
LOAD service_manager.o
LOAD task_runner.o
LOAD termination.o
LOAD C:/devkitPro/libctru/lib\libctru.a
START GROUP
LOAD C:/devkitPro/devkitARM/bin/../lib/gcc/arm-none-eabi/13.2.0/armv6k/fpu\libgcc.a
LOAD C:/devkitPro/devkitARM/bin/../lib/gcc/arm-none-eabi/13.2.0/../../../../arm-none-eabi/lib/armv6k/fpu\libg.a
LOAD C:/devkitPro/devkitARM/bin/../lib/gcc/arm-none-eabi/13.2.0/../../../../arm-none-eabi/lib/armv6k/fpu\libc.a
LOAD C:/devkitPro/devkitARM/bin/../lib/gcc/arm-none-eabi/13.2.0/../../../../arm-none-eabi/lib/armv6k/fpu\libsysbase.a
END GROUP
LOAD C:/devkitPro/devkitARM/bin/../lib/gcc/arm-none-eabi/13.2.0/armv6k/fpu/crtend.o
LOAD C:/devkitPro/devkitARM/bin/../lib/gcc/arm-none-eabi/13.2.0/armv6k/fpu/crtn.o
OUTPUT(C:/devkitPro/projects/3dsScreenshotUtility/sysmodules/pm/pm.elf elf32-littlearm)
LOAD linker stubs

.ARM.attributes
                0x00000000       0x30
 .ARM.attributes
                0x00000000       0x1e C:/devkitPro/devkitARM/bin/../lib/gcc/arm-none-eabi/13.2.0/../../../../arm-none-eabi/lib/armv6k/fpu/3dsx_crt0.o
 .ARM.attributes
                0x0000001e       0x1c C:/devkitPro/devkitARM/bin/../lib/gcc/arm-none-eabi/13.2.0/armv6k/fpu/crti.o
 .ARM.attributes
                0x0000003a       0x30 C:/devkitPro/devkitARM/bin/../lib/gcc/arm-none-eabi/13.2.0/armv6k/fpu/crtbegin.o
 .ARM.attributes
                0x0000006a       0x30 exheader_info_heap.o
 .ARM.attributes
                0x0000009a       0x30 firmlaunch.o
 .ARM.attributes
                0x000000ca       0x30 info.o
 .ARM.attributes
                0x000000fa       0x30 launch.o
 .ARM.attributes
                0x0000012a       0x30 luma.o
 .ARM.attributes
                0x0000015a       0x30 main.o
 .ARM.attributes
                0x0000018a       0x30 manager.o
 .ARM.attributes
                0x000001ba       0x30 my_thread.o
 .ARM.attributes
                0x000001ea       0x30 pmapp.o
 .ARM.attributes
                0x0000021a       0x30 pmdbg.o
 .ARM.attributes
                0x0000024a       0x30 process_data.o
 .ARM.attributes
                0x0000027a       0x30 process_monitor.o
 .ARM.attributes
                0x000002aa       0x30 reslimit.o
 .ARM.attributes
                0x000002da       0x30 service_manager.o
 .ARM.attributes
                0x0000030a       0x30 task_runner.o
 .ARM.attributes
                0x0000033a       0x30 termination.o
 .ARM.attributes
                0x0000036a       0x30 C:/devkitPro/libctru/lib\libctru.a(srv.o)
 .ARM.attributes
                0x0000039a       0x30 C:/devkitPro/libctru/lib\libctru.a(synchronization.o)
 .ARM.attributes
                0x000003ca       0x30 C:/devkitPro/libctru/lib\libctru.a(fs.o)
 .ARM.attributes
                0x000003fa       0x30 C:/devkitPro/libctru/lib\libctru.a(fsreg.o)
 .ARM.attributes
                0x0000042a       0x30 C:/devkitPro/libctru/lib\libctru.a(loader.o)
 .ARM.attributes
                0x0000045a       0x30 C:/devkitPro/libctru/lib\libctru.a(srvpm.o)
 .ARM.attributes
                0x0000048a       0x30 C:/devkitPro/libctru/lib\libctru.a(initArgv.o)
 .ARM.attributes
                0x000004ba       0x1a C:/devkitPro/libctru/lib\libctru.a(svc.o)
 .ARM.attributes
                0x000004d4       0x30 C:/devkitPro/libctru/lib\libctru.a(env.o)
 .ARM.attributes
                0x00000504       0x1c C:/devkitPro/devkitARM/bin/../lib/gcc/arm-none-eabi/13.2.0/armv6k/fpu\libgcc.a(_aeabi_ldivmod.o)
 .ARM.attributes
                0x00000520       0x30 C:/devkitPro/devkitARM/bin/../lib/gcc/arm-none-eabi/13.2.0/armv6k/fpu\libgcc.a(_udivmoddi4.o)
 .ARM.attributes
                0x00000550       0x1c C:/devkitPro/devkitARM/bin/../lib/gcc/arm-none-eabi/13.2.0/armv6k/fpu\libgcc.a(_dvmd_tls.o)
 .ARM.attributes
                0x0000056c       0x30 C:/devkitPro/devkitARM/bin/../lib/gcc/arm-none-eabi/13.2.0/../../../../arm-none-eabi/lib/armv6k/fpu\libg.a(libc_a-strlen-stub.o)
 .ARM.attributes
                0x0000059c       0x30 C:/devkitPro/devkitARM/bin/../lib/gcc/arm-none-eabi/13.2.0/../../../../arm-none-eabi/lib/armv6k/fpu\libg.a(libc_a-strnlen.o)
 .ARM.attributes
                0x000005cc       0x30 C:/devkitPro/devkitARM/bin/../lib/gcc/arm-none-eabi/13.2.0/../../../../arm-none-eabi/lib/armv6k/fpu\libg.a(libc_a-memcpy-stub.o)
 .ARM.attributes
                0x000005fc       0x30 C:/devkitPro/devkitARM/bin/../lib/gcc/arm-none-eabi/13.2.0/../../../../arm-none-eabi/lib/armv6k/fpu\libg.a(libc_a-memset.o)
 .ARM.attributes
                0x0000062c       0x30 C:/devkitPro/devkitARM/bin/../lib/gcc/arm-none-eabi/13.2.0/../../../../arm-none-eabi/lib/armv6k/fpu\libg.a(libc_a-strncpy.o)
 .ARM.attributes
                0x0000065c       0x1c C:/devkitPro/devkitARM/bin/../lib/gcc/arm-none-eabi/13.2.0/armv6k/fpu/crtn.o

.debug_loclists
                0x00000000     0x9dd9
 .debug_loclists
                0x00000000       0xe5 exheader_info_heap.o
 .debug_loclists
                0x000000e5      0x1ae firmlaunch.o
 .debug_loclists
                0x00000293      0x4a9 info.o
 .debug_loclists
                0x0000073c      0xc96 launch.o
 .debug_loclists
                0x000013d2       0x39 luma.o
 .debug_loclists
                0x0000140b       0xa9 main.o
 .debug_loclists
                0x000014b4      0x225 manager.o
 .debug_loclists
                0x000016d9      0x10f my_thread.o
 .debug_loclists
                0x000017e8      0x306 pmapp.o
 .debug_loclists
                0x00001aee      0x119 pmdbg.o
 .debug_loclists
                0x00001c07      0x314 process_data.o
 .debug_loclists
                0x00001f1b      0x15d process_monitor.o
 .debug_loclists
                0x00002078      0x36a reslimit.o
 .debug_loclists
                0x000023e2      0x56f service_manager.o
 .debug_loclists
                0x00002951       0xd9 task_runner.o
 .debug_loclists
                0x00002a2a      0x9de termination.o
 .debug_loclists
                0x00003408      0x6a3 C:/devkitPro/libctru/lib\libctru.a(srv.o)
 .debug_loclists
                0x00003aab     0x169f C:/devkitPro/libctru/lib\libctru.a(synchronization.o)
 .debug_loclists
                0x0000514a     0x441f C:/devkitPro/libctru/lib\libctru.a(fs.o)
 .debug_loclists
                0x00009569      0x2b9 C:/devkitPro/libctru/lib\libctru.a(fsreg.o)
 .debug_loclists
                0x00009822      0x1d8 C:/devkitPro/libctru/lib\libctru.a(loader.o)
 .debug_loclists
                0x000099fa      0x24b C:/devkitPro/libctru/lib\libctru.a(srvpm.o)
 .debug_loclists
                0x00009c45       0xb5 C:/devkitPro/libctru/lib\libctru.a(initArgv.o)
 .debug_loclists
                0x00009cfa       0xdf C:/devkitPro/libctru/lib\libctru.a(env.o)

.debug_rnglists
                0x00000000     0x2662
 .debug_rnglists
                0x00000000       0x4f exheader_info_heap.o
 .debug_rnglists
                0x0000004f       0x46 firmlaunch.o
 .debug_rnglists
                0x00000095       0xa5 info.o
 .debug_rnglists
                0x0000013a      0x1ad launch.o
 .debug_rnglists
                0x000002e7       0x2c luma.o
 .debug_rnglists
                0x00000313       0x4e main.o
 .debug_rnglists
                0x00000361       0xa2 manager.o
 .debug_rnglists
                0x00000403       0x25 my_thread.o
 .debug_rnglists
                0x00000428       0x44 pmapp.o
 .debug_rnglists
                0x0000046c       0x20 pmdbg.o
 .debug_rnglists
                0x0000048c      0x100 process_data.o
 .debug_rnglists
                0x0000058c       0x8e process_monitor.o
 .debug_rnglists
                0x0000061a       0xcc reslimit.o
 .debug_rnglists
                0x000006e6       0xd8 service_manager.o
 .debug_rnglists
                0x000007be       0x40 task_runner.o
 .debug_rnglists
                0x000007fe      0x20f termination.o
 .debug_rnglists
                0x00000a0d      0x17c C:/devkitPro/libctru/lib\libctru.a(srv.o)
 .debug_rnglists
                0x00000b89      0x3c5 C:/devkitPro/libctru/lib\libctru.a(synchronization.o)
 .debug_rnglists
                0x00000f4e     0x1296 C:/devkitPro/libctru/lib\libctru.a(fs.o)
 .debug_rnglists
                0x000021e4       0x9b C:/devkitPro/libctru/lib\libctru.a(fsreg.o)
 .debug_rnglists
                0x0000227f       0x61 C:/devkitPro/libctru/lib\libctru.a(loader.o)
 .debug_rnglists
                0x000022e0       0xe9 C:/devkitPro/libctru/lib\libctru.a(srvpm.o)
 .debug_rnglists
                0x000023c9       0x20 C:/devkitPro/libctru/lib\libctru.a(initArgv.o)
 .debug_rnglists
                0x000023e9      0x25f C:/devkitPro/libctru/lib\libctru.a(svc.o)
 .debug_rnglists
                0x00002648       0x1a C:/devkitPro/libctru/lib\libctru.a(env.o)

.debug_line_str
                0x00000000       0xb9
 .debug_line_str
                0x00000000       0xb9 C:/devkitPro/libctru/lib\libctru.a(svc.o)
