Archive member included to satisfy reference by file (symbol)

C:/devkitPro/libctru/lib\libctru.a(srv.o)
                              main.o (srvInit)
C:/devkitPro/libctru/lib\libctru.a(synchronization.o)
                              main.o (__sync_init)
C:/devkitPro/libctru/lib\libctru.a(srvpm.o)
                              C:/devkitPro/libctru/lib\libctru.a(srv.o) (srvPmGetSessionHandle)
C:/devkitPro/libctru/lib\libctru.a(initArgv.o)
                              C:/devkitPro/devkitARM/bin/../lib/gcc/arm-none-eabi/13.2.0/../../../../arm-none-eabi/lib/armv6k/fpu/3dsx_crt0.o (__system_argc)
C:/devkitPro/libctru/lib\libctru.a(svc.o)
                              main.o (svcExitProcess)
C:/devkitPro/libctru/lib\libctru.a(3dslink.o)
                              C:/devkitPro/libctru/lib\libctru.a(initArgv.o) (__3dslink_host)
C:/devkitPro/libctru/lib\libctru.a(env.o)
                              C:/devkitPro/libctru/lib\libctru.a(srv.o) (envGetHandle)
C:/devkitPro/libctru/lib\libctru.a(soc_connect.o)
                              C:/devkitPro/libctru/lib\libctru.a(3dslink.o) (connect)
C:/devkitPro/libctru/lib\libctru.a(soc_socket.o)
                              C:/devkitPro/libctru/lib\libctru.a(3dslink.o) (socket)
C:/devkitPro/libctru/lib\libctru.a(soc_common.o)
                              C:/devkitPro/libctru/lib\libctru.a(soc_connect.o) (_net_convert_error)
C:/devkitPro/devkitARM/bin/../lib/gcc/arm-none-eabi/13.2.0/../../../../arm-none-eabi/lib/armv6k/fpu\libg.a(libc_a-strncmp.o)
                              C:/devkitPro/libctru/lib\libctru.a(initArgv.o) (strncmp)
C:/devkitPro/devkitARM/bin/../lib/gcc/arm-none-eabi/13.2.0/../../../../arm-none-eabi/lib/armv6k/fpu\libg.a(libc_a-strlen-stub.o)
                              C:/devkitPro/libctru/lib\libctru.a(initArgv.o) (strlen)
C:/devkitPro/devkitARM/bin/../lib/gcc/arm-none-eabi/13.2.0/../../../../arm-none-eabi/lib/armv6k/fpu\libg.a(libc_a-strtoul.o)
                              C:/devkitPro/libctru/lib\libctru.a(initArgv.o) (strtoul)
C:/devkitPro/devkitARM/bin/../lib/gcc/arm-none-eabi/13.2.0/../../../../arm-none-eabi/lib/armv6k/fpu\libg.a(libc_a-sysclose.o)
                              C:/devkitPro/libctru/lib\libctru.a(3dslink.o) (close)
C:/devkitPro/devkitARM/bin/../lib/gcc/arm-none-eabi/13.2.0/../../../../arm-none-eabi/lib/armv6k/fpu\libg.a(libc_a-strnlen.o)
                              C:/devkitPro/libctru/lib\libctru.a(srv.o) (strnlen)
C:/devkitPro/devkitARM/bin/../lib/gcc/arm-none-eabi/13.2.0/../../../../arm-none-eabi/lib/armv6k/fpu\libg.a(libc_a-errno.o)
                              C:/devkitPro/libctru/lib\libctru.a(soc_connect.o) (__errno)
C:/devkitPro/devkitARM/bin/../lib/gcc/arm-none-eabi/13.2.0/../../../../arm-none-eabi/lib/armv6k/fpu\libg.a(libc_a-memcpy-stub.o)
                              sender.o (memcpy)
C:/devkitPro/devkitARM/bin/../lib/gcc/arm-none-eabi/13.2.0/../../../../arm-none-eabi/lib/armv6k/fpu\libg.a(libc_a-ctype_.o)
                              C:/devkitPro/devkitARM/bin/../lib/gcc/arm-none-eabi/13.2.0/../../../../arm-none-eabi/lib/armv6k/fpu\libg.a(libc_a-strtoul.o) (_ctype_)
C:/devkitPro/devkitARM/bin/../lib/gcc/arm-none-eabi/13.2.0/../../../../arm-none-eabi/lib/armv6k/fpu\libg.a(libc_a-memset.o)
                              main.o (memset)
C:/devkitPro/devkitARM/bin/../lib/gcc/arm-none-eabi/13.2.0/../../../../arm-none-eabi/lib/armv6k/fpu\libg.a(libc_a-strncpy.o)
                              C:/devkitPro/libctru/lib\libctru.a(srv.o) (strncpy)
C:/devkitPro/devkitARM/bin/../lib/gcc/arm-none-eabi/13.2.0/../../../../arm-none-eabi/lib/armv6k/fpu\libg.a(libc_a-strcmp.o)
                              C:/devkitPro/libctru/lib\libctru.a(soc_connect.o) (strcmp)
C:/devkitPro/devkitARM/bin/../lib/gcc/arm-none-eabi/13.2.0/../../../../arm-none-eabi/lib/armv6k/fpu\libg.a(libc_a-fflush.o)
                              C:/devkitPro/libctru/lib\libctru.a(3dslink.o) (fflush)
C:/devkitPro/devkitARM/bin/../lib/gcc/arm-none-eabi/13.2.0/../../../../arm-none-eabi/lib/armv6k/fpu\libg.a(libc_a-impure.o)
                              C:/devkitPro/devkitARM/bin/../lib/gcc/arm-none-eabi/13.2.0/../../../../arm-none-eabi/lib/armv6k/fpu\libg.a(libc_a-fflush.o) (_impure_data)
C:/devkitPro/devkitARM/bin/../lib/gcc/arm-none-eabi/13.2.0/../../../../arm-none-eabi/lib/armv6k/fpu\libg.a(libc_a-findfp.o)
                              C:/devkitPro/devkitARM/bin/../lib/gcc/arm-none-eabi/13.2.0/../../../../arm-none-eabi/lib/armv6k/fpu\libg.a(libc_a-fflush.o) (__sglue)
C:/devkitPro/devkitARM/bin/../lib/gcc/arm-none-eabi/13.2.0/../../../../arm-none-eabi/lib/armv6k/fpu\libg.a(libc_a-mallocr.o)
                              C:/devkitPro/devkitARM/bin/../lib/gcc/arm-none-eabi/13.2.0/../../../../arm-none-eabi/lib/armv6k/fpu\libg.a(libc_a-findfp.o) (_malloc_r)
C:/devkitPro/devkitARM/bin/../lib/gcc/arm-none-eabi/13.2.0/../../../../arm-none-eabi/lib/armv6k/fpu\libg.a(libc_a-freer.o)
[...]
Memory Configuration

Name             Origin             Length             Attributes
*default*        0x00000000         0xffffffff

Linker script and memory map

                0x00100000                        PROVIDE (__start__ = 0x100000)
                0x00100000                        . = __start__

.text           0x00100000     0x1f74
 *(.crt0)
 .crt0          0x00100000       0x94 C:/devkitPro/devkitARM/bin/../lib/gcc/arm-none-eabi/13.2.0/../../../../arm-none-eabi/lib/armv6k/fpu/3dsx_crt0.o
                0x00100000                _start
                0x00100008                __service_ptr
                0x0010000c                __apt_appid
                0x00100010                __heap_size
                0x00100014                __linear_heap_size
                0x00100018                __system_arglist
                0x0010001c                __system_runflags
 *(.init)
 .init          0x00100094        0xc C:/devkitPro/devkitARM/bin/../lib/gcc/arm-none-eabi/13.2.0/armv6k/fpu/crti.o
                0x00100094                _init
 .init          0x001000a0        0xc C:/devkitPro/devkitARM/bin/../lib/gcc/arm-none-eabi/13.2.0/armv6k/fpu/crtn.o
                0x001000ac                        . = ALIGN (0x4)
 *(.text)
 *(.text.*)
 .text.__do_global_dtors_aux
                0x001000ac       0x40 C:/devkitPro/devkitARM/bin/../lib/gcc/arm-none-eabi/13.2.0/armv6k/fpu/crtbegin.o
 .text.frame_dummy
                0x001000ec       0x2c C:/devkitPro/devkitARM/bin/../lib/gcc/arm-none-eabi/13.2.0/armv6k/fpu/crtbegin.o
 .text._thread_begin
                0x00100118       0x10 MyThread.o
 .text.MyThread_Create
                0x00100128       0x2c MyThread.o
                0x00100128                MyThread_Create
 .text.MyThread_Join
                0x00100154       0x38 MyThread.o
                0x00100154                MyThread_Join
 .text.PXIReset
                0x0010018c       0x40 PXI.o
                0x0010018c                PXIReset
 .text.PXITriggerSync9IRQ
                0x001001cc       0x18 PXI.o
                0x001001cc                PXITriggerSync9IRQ
 .text.PXIIsSendFIFOFull
                0x001001e4       0x18 PXI.o
                0x001001e4                PXIIsSendFIFOFull
 .text.PXISendByte
                0x001001fc       0x10 PXI.o
                0x001001fc                PXISendByte
 .text.PXISendWord
                0x0010020c       0x1c PXI.o
                0x0010020c                PXISendWord
 .text.PXISendBuffer
                0x00100228       0x30 PXI.o
                0x00100228                PXISendBuffer
 .text.PXIIsReceiveFIFOEmpty
                0x00100258       0x18 PXI.o
                0x00100258                PXIIsReceiveFIFOEmpty
 .text.PXIReceiveByte
                0x00100270       0x10 PXI.o
                0x00100270                PXIReceiveByte
 .text.PXIReceiveWord
                0x00100280       0x1c PXI.o
                0x00100280                PXIReceiveWord
 .text.PXIReceiveBuffer
                0x0010029c       0x30 PXI.o
                0x0010029c                PXIReceiveBuffer
 .text.unbindPXIInterrupts
                0x001002cc       0x88 PXI.o
                0x001002cc                unbindPXIInterrupts
 .text.bindPXIInterrupts
                0x00100354       0xe8 PXI.o
                0x00100354                bindPXIInterrupts
 .text.__wrap_exit
                0x0010043c       0x7c main.o
                0x0010043c                __wrap_exit
 .text.initSystem
                0x001004b8      0x328 main.o
                0x001004b8                initSystem
 .text.startup.main
                0x001007e0      0x340 main.o
                0x001007e0                main
 .text.receiver
                0x00100b20      0x238 receiver.o
                0x00100b20                receiver
 .text.acquireStaticBuffers
                0x00100d58       0x8c sender.o
 *fill*         0x00100de4        0x4 
 .text.sendPXICmdbuf
                0x00100de8      0x124 sender.o
                0x00100de8                sendPXICmdbuf
 .text.sender   0x00100f0c      0x5d8 sender.o
                0x00100f0c                sender
 *fill*         0x001014e4        0x4 
 .text.PXISRV11Handler
                0x001014e8      0x188 sender.o
                0x001014e8                PXISRV11Handler
 .text.srvInit  0x00101670      0x12c C:/devkitPro/libctru/lib\libctru.a(srv.o)
                0x00101670                srvInit
 .text.srvExit  0x0010179c       0x58 C:/devkitPro/libctru/lib\libctru.a(srv.o)
                0x0010179c                srvExit
 .text.srvEnableNotification
                0x001017f4       0x60 C:/devkitPro/libctru/lib\libctru.a(srv.o)
                0x001017f4                srvEnableNotification
 .text.srvRegisterService
                0x00101854       0x90 C:/devkitPro/libctru/lib\libctru.a(srv.o)
                0x00101854                srvRegisterService
 .text.srvReceiveNotification
                0x001018e4       0x60 C:/devkitPro/libctru/lib\libctru.a(srv.o)
                0x001018e4                srvReceiveNotification
 .text.srvPublishToSubscriber
                0x00101944       0x38 C:/devkitPro/libctru/lib\libctru.a(srv.o)
                0x00101944                srvPublishToSubscriber
 .text.__sync_init
                0x0010197c        0xc C:/devkitPro/libctru/lib\libctru.a(synchronization.o)
                0x0010197c                __sync_init
 .text.__sync_fini
                0x00101988       0x18 C:/devkitPro/libctru/lib\libctru.a(synchronization.o)
                0x00101988                __sync_fini
 .text.LightLock_Lock
                0x001019a0       0xac C:/devkitPro/libctru/lib\libctru.a(synchronization.o)
                0x001019a0                LightLock_Lock
 .text.RecursiveLock_Lock
                0x00101a4c       0x30 C:/devkitPro/libctru/lib\libctru.a(synchronization.o)
                0x00101a4c                RecursiveLock_Lock
 .text.RecursiveLock_Unlock
                0x00101a7c       0x54 C:/devkitPro/libctru/lib\libctru.a(synchronization.o)
                0x00101a7c                RecursiveLock_Unlock
 .text.srvPmGetSessionHandle
                0x00101ad0        0xc C:/devkitPro/libctru/lib\libctru.a(srvpm.o)
                0x00101ad0                srvPmGetSessionHandle
 .text.svcExitProcess
                0x00101adc        0x8 C:/devkitPro/libctru/lib\libctru.a(svc.o)
                0x00101adc                svcExitProcess
 .text.svcCreateThread
                0x00101ae4       0x20 C:/devkitPro/libctru/lib\libctru.a(svc.o)
                0x00101ae4                svcCreateThread
 .text.svcExitThread
                0x00101b04        0x8 C:/devkitPro/libctru/lib\libctru.a(svc.o)
                0x00101b04                svcExitThread
 .text.svcSleepThread
                0x00101b0c        0x8 C:/devkitPro/libctru/lib\libctru.a(svc.o)
                0x00101b0c                svcSleepThread
 .text.svcCreateMutex
                0x00101b14       0x14 C:/devkitPro/libctru/lib\libctru.a(svc.o)
                0x00101b14                svcCreateMutex
 .text.svcReleaseMutex
                0x00101b28        0x8 C:/devkitPro/libctru/lib\libctru.a(svc.o)
                0x00101b28                svcReleaseMutex
 .text.svcCreateSemaphore
                0x00101b30       0x14 C:/devkitPro/libctru/lib\libctru.a(svc.o)
                0x00101b30                svcCreateSemaphore
 .text.svcReleaseSemaphore
                0x00101b44       0x14 C:/devkitPro/libctru/lib\libctru.a(svc.o)
                0x00101b44                svcReleaseSemaphore
 .text.svcCreateEvent
                0x00101b58       0x14 C:/devkitPro/libctru/lib\libctru.a(svc.o)
                0x00101b58                svcCreateEvent
 .text.svcSignalEvent
                0x00101b6c        0x8 C:/devkitPro/libctru/lib\libctru.a(svc.o)
                0x00101b6c                svcSignalEvent
 .text.svcCreateAddressArbiter
                0x00101b74       0x14 C:/devkitPro/libctru/lib\libctru.a(svc.o)
                0x00101b74                svcCreateAddressArbiter
 .text.svcArbitrateAddressNoTimeout
                0x00101b88        0x8 C:/devkitPro/libctru/lib\libctru.a(svc.o)
                0x00101b88                svcArbitrateAddressNoTimeout
 .text.svcCloseHandle
                0x00101b90        0x8 C:/devkitPro/libctru/lib\libctru.a(svc.o)
                0x00101b90                svcCloseHandle
 .text.svcWaitSynchronization
                0x00101b98        0x8 C:/devkitPro/libctru/lib\libctru.a(svc.o)
                0x00101b98                svcWaitSynchronization
 .text.svcWaitSynchronizationN
                0x00101ba0       0x28 C:/devkitPro/libctru/lib\libctru.a(svc.o)
                0x00101ba0                svcWaitSynchronizationN
 .text.svcDuplicateHandle
                0x00101bc8       0x14 C:/devkitPro/libctru/lib\libctru.a(svc.o)
                0x00101bc8                svcDuplicateHandle
 .text.svcConnectToPort
                0x00101bdc       0x14 C:/devkitPro/libctru/lib\libctru.a(svc.o)
                0x00101bdc                svcConnectToPort
 .text.svcSendSyncRequest
                0x00101bf0        0x8 C:/devkitPro/libctru/lib\libctru.a(svc.o)
                0x00101bf0                svcSendSyncRequest
 .text.svcBreak
                0x00101bf8        0x8 C:/devkitPro/libctru/lib\libctru.a(svc.o)
                0x00101bf8                svcBreak
 .text.svcAcceptSession
                0x00101c00       0x18 C:/devkitPro/libctru/lib\libctru.a(svc.o)
                0x00101c00                svcAcceptSession
 .text.svcReplyAndReceive
                0x00101c18       0x18 C:/devkitPro/libctru/lib\libctru.a(svc.o)
                0x00101c18                svcReplyAndReceive
 .text.svcBindInterrupt
                0x00101c30        0x8 C:/devkitPro/libctru/lib\libctru.a(svc.o)
                0x00101c30                svcBindInterrupt
 .text.svcUnbindInterrupt
                0x00101c38        0x8 C:/devkitPro/libctru/lib\libctru.a(svc.o)
                0x00101c38                svcUnbindInterrupt
 .text.strnlen  0x00101c40       0x48 C:/devkitPro/devkitARM/bin/../lib/gcc/arm-none-eabi/13.2.0/../../../../arm-none-eabi/lib/armv6k/fpu\libg.a(libc_a-strnlen.o)
                0x00101c40                strnlen
 .text.memcpy   0x00101c88      0x11c C:/devkitPro/devkitARM/bin/../lib/gcc/arm-none-eabi/13.2.0/../../../../arm-none-eabi/lib/armv6k/fpu\libg.a(libc_a-memcpy-stub.o)
                0x00101c88                memcpy
 .text.memset   0x00101da4       0xf4 C:/devkitPro/devkitARM/bin/../lib/gcc/arm-none-eabi/13.2.0/../../../../arm-none-eabi/lib/armv6k/fpu\libg.a(libc_a-memset.o)
                0x00101da4                memset
 .text.strncpy  0x00101e98       0xc4 C:/devkitPro/devkitARM/bin/../lib/gcc/arm-none-eabi/13.2.0/../../../../arm-none-eabi/lib/armv6k/fpu\libg.a(libc_a-strncpy.o)
                0x00101e98                strncpy
 *(.glue_7)
 .glue_7        0x00101f5c        0x0 linker stubs
 *(.glue_7t)
 .glue_7t       0x00101f5c        0x0 linker stubs
 *(.stub)
 *(.gnu.warning)
 *(.gnu.linkonce.t*)
                0x00101f5c                        . = ALIGN (0x4)
 *(.fini)
 .fini          0x00101f5c        0xc C:/devkitPro/devkitARM/bin/../lib/gcc/arm-none-eabi/13.2.0/armv6k/fpu/crti.o
                0x00101f5c                _fini
 .fini          0x00101f68        0xc C:/devkitPro/devkitARM/bin/../lib/gcc/arm-none-eabi/13.2.0/armv6k/fpu/crtn.o
                0x00101f74                        . = ALIGN (0x4)

.vfp11_veneer   0x00101f74        0x0
 .vfp11_veneer  0x00101f74        0x0 linker stubs

.v4_bx          0x00101f74        0x0
 .v4_bx         0x00101f74        0x0 linker stubs

.iplt           0x00101f74        0x0
 .iplt          0x00101f74        0x0 C:/devkitPro/devkitARM/bin/../lib/gcc/arm-none-eabi/13.2.0/../../../../arm-none-eabi/lib/armv6k/fpu/3dsx_crt0.o
                0x00102000                        . = ALIGN (0x1000)

.rodata         0x00102000       0x88
 *(.rodata)
 *(.roda)
 *(.rodata.*)
 .rodata.nbStaticBuffersByService
                0x00102000       0x28 main.o
                0x00102000                nbStaticBuffersByService
 .rodata.str1.4
                0x00102028       0x59 main.o
                                 0x52 (size before relaxing)
 .rodata.srvInit.str1.4
                0x00102081        0x5 C:/devkitPro/libctru/lib\libctru.a(srv.o)
 *all.rodata*(*)
 *(.gnu.linkonce.r*)
                0x00102088                        . = ALIGN (0x4)
 *fill*         0x00102081        0x3 
                0x00102084                        __tdata_align = .
                0x00102084        0x4 LONG 0x4 ALIGNOF (.tdata)
                0x00102088                        . = ALIGN (0x4)

.eh_frame       0x00102088        0x0
 .eh_frame      0x00102088        0x0 C:/devkitPro/devkitARM/bin/../lib/gcc/arm-none-eabi/13.2.0/armv6k/fpu/crtbegin.o

.rel.dyn        0x00102088        0x0
 .rel.iplt      0x00102088        0x0 C:/devkitPro/devkitARM/bin/../lib/gcc/arm-none-eabi/13.2.0/../../../../arm-none-eabi/lib/armv6k/fpu/3dsx_crt0.o

.ARM.extab
 *(.ARM.extab* .gnu.linkonce.armextab.*)
                0x00102088                        __exidx_start = .

.ARM.exidx
 *(.ARM.exidx* .gnu.linkonce.armexidx.*)
                0x00102088                        __exidx_end = .
                0x00103000                        . = ALIGN (0x1000)

.data           0x00103000       0x28
 *(.data)
 *(.data.*)
 .data.serviceNames
                0x00103000       0x28 main.o
                0x00103000                serviceNames
 *(.gnu.linkonce.d*)
                0x00103028                        . = ALIGN (0x4)

.igot.plt       0x00103028        0x0
 .igot.plt      0x00103028        0x0 C:/devkitPro/devkitARM/bin/../lib/gcc/arm-none-eabi/13.2.0/../../../../arm-none-eabi/lib/armv6k/fpu/3dsx_crt0.o

.tdata          0x00103028        0x0
                0x00103028                        __tdata_lma = .
 *(.tdata)
 *(.tdata.*)
 *(.gnu.linkonce.td.*)
                0x00103028                        . = ALIGN (0x4)
                0x00103028                        __tdata_lma_end = .

.tbss           0x00103028        0x0
 *(.tbss)
 *(.tbss.*)
 *(.gnu.linkonce.tb.*)
 *(.tcommon)
                0x00103028                        . = ALIGN (0x4)

.preinit_array  0x00103028        0x0
                [!provide]                        PROVIDE (__preinit_array_start = .)
 *(.preinit_array)
                [!provide]                        PROVIDE (__preinit_array_end = .)

.init_array     0x00103028        0x4
                [!provide]                        PROVIDE (__init_array_start = .)
 *(SORT_BY_NAME(.init_array.*))
 *(.init_array)
 .init_array    0x00103028        0x4 C:/devkitPro/devkitARM/bin/../lib/gcc/arm-none-eabi/13.2.0/armv6k/fpu/crtbegin.o
                [!provide]                        PROVIDE (__init_array_end = .)

.fini_array     0x0010302c        0x4
                [!provide]                        PROVIDE (__fini_array_start = .)
 *(.fini_array)
 .fini_array    0x0010302c        0x4 C:/devkitPro/devkitARM/bin/../lib/gcc/arm-none-eabi/13.2.0/armv6k/fpu/crtbegin.o
 *(SORT_BY_NAME(.fini_array.*))
                [!provide]                        PROVIDE (__fini_array_end = .)

.ctors
 *crtbegin.o(.ctors)
 *(EXCLUDE_FILE(*crtend.o) .ctors)
 *(SORT_BY_NAME(.ctors.*))
 *(.ctors)

.dtors
 *crtbegin.o(.dtors)
 *(EXCLUDE_FILE(*crtend.o) .dtors)
 *(SORT_BY_NAME(.dtors.*))
 *(.dtors)
                0x00103030                        __bss_start__ = .

.bss            0x00103030    0x19b1c
 *(.dynbss)
 *(.bss)
 *(.bss.*)
 .bss.completed.1
                0x00103030        0x1 C:/devkitPro/devkitARM/bin/../lib/gcc/arm-none-eabi/13.2.0/armv6k/fpu/crtbegin.o
 *fill*         0x00103031        0x3 
 .bss.object.0  0x00103034       0x18 C:/devkitPro/devkitARM/bin/../lib/gcc/arm-none-eabi/13.2.0/armv6k/fpu/crtbegin.o
 .bss.PXISRV11HandlerThread
                0x0010304c       0x10 main.o
 .bss.senderThread
                0x0010305c       0x10 main.o
 .bss.receiverThread
                0x0010306c       0x10 main.o
 *fill*         0x0010307c        0x4 
 .bss.PXISRV11HandlerStack
                0x00103080     0x1000 main.o
 .bss.senderStack
                0x00104080     0x1000 main.o
 .bss.receiverStack
                0x00105080     0x1000 main.o
 *fill*         0x00106080      0xf80 
 .bss.staticBuffers
                0x00107000    0x15000 main.o
                0x00107000                staticBuffers
 .bss.sessionManager
                0x0011c000      0xb24 main.o
                0x0011c000                sessionManager
 .bss.shouldTerminate
                0x0011cb24        0x1 main.o
                0x0011cb24                shouldTerminate
 *fill*         0x0011cb25        0x3 
 .bss.terminationRequestedEvent
                0x0011cb28        0x4 main.o
                0x0011cb28                terminationRequestedEvent
 .bss.PXITransferMutex
                0x0011cb2c        0x4 main.o
                0x0011cb2c                PXITransferMutex
 .bss.PXISyncInterrupt
                0x0011cb30        0x4 main.o
                0x0011cb30                PXISyncInterrupt
 .bss.srvRefCount
                0x0011cb34        0x4 C:/devkitPro/libctru/lib\libctru.a(srv.o)
 .bss.srvHandle
                0x0011cb38        0x4 C:/devkitPro/libctru/lib\libctru.a(srv.o)
 .bss.arbiter   0x0011cb3c        0x4 C:/devkitPro/libctru/lib\libctru.a(synchronization.o)
 .bss.srvPmHandle
                0x0011cb40        0x4 C:/devkitPro/libctru/lib\libctru.a(srvpm.o)
 .bss.__system_argv
                0x0011cb44        0x4 C:/devkitPro/libctru/lib\libctru.a(initArgv.o)
                0x0011cb44                __system_argv
 .bss.__system_argc
                0x0011cb48        0x4 C:/devkitPro/libctru/lib\libctru.a(initArgv.o)
                0x0011cb48                __system_argc
 *(.gnu.linkonce.b*)
 *(COMMON)
                0x0011cb4c                        . = (0x8 + ABSOLUTE (ALIGN (ABSOLUTE ((. - 0x8)), ALIGNOF (.tdata))))
                0x0011cb4c                        __tls_start = .
                0x0011cb4c                        . = (. + SIZEOF (.tdata))
                0x0011cb4c                        . = ALIGN (ALIGNOF (.tbss))
                0x0011cb4c                        . = (. + SIZEOF (.tbss))
                0x0011cb4c                        __tls_end = .
                0x0011cb4c                        __bss_end__ = .
                0x0011cb4c                        __end__ = ABSOLUTE (.)

/DISCARD/
 *(.group .comment .note)

.stab
 *(.stab)

.stabstr
 *(.stabstr)

.stab.excl
 *(.stab.excl)

.stab.exclstr
 *(.stab.exclstr)

.stab.index
 *(.stab.index)

.stab.indexstr
 *(.stab.indexstr)

.debug
 *(.debug)

.line
 *(.line)

.debug_srcinfo
 *(.debug_srcinfo)

.debug_sfnames
 *(.debug_sfnames)

.debug_aranges  0x00000000      0x690
 *(.debug_aranges)
 .debug_aranges
                0x00000000       0x38 MyThread.o
 .debug_aranges
                0x00000038       0x78 PXI.o
 .debug_aranges
                0x000000b0       0x38 main.o
 .debug_aranges
                0x000000e8       0x20 receiver.o
 .debug_aranges
                0x00000108       0x38 sender.o
 .debug_aranges
                0x00000140       0xc0 C:/devkitPro/libctru/lib\libctru.a(srv.o)
 .debug_aranges
                0x00000200       0xf0 C:/devkitPro/libctru/lib\libctru.a(synchronization.o)
 .debug_aranges
                0x000002f0       0x50 C:/devkitPro/libctru/lib\libctru.a(srvpm.o)
 .debug_aranges
                0x00000340       0x20 C:/devkitPro/libctru/lib\libctru.a(initArgv.o)
 .debug_aranges
                0x00000360      0x330 C:/devkitPro/libctru/lib\libctru.a(svc.o)

.debug_pubnames
 *(.debug_pubnames)

.debug_info     0x00000000     0x865e
 *(.debug_info)
 .debug_info    0x00000000      0x3ca MyThread.o
 .debug_info    0x000003ca      0x4c6 PXI.o
 .debug_info    0x00000890     0x14ea main.o
 .debug_info    0x00001d7a      0x768 receiver.o
 .debug_info    0x000024e2     0x11e3 sender.o
 .debug_info    0x000036c5     0x1af2 C:/devkitPro/libctru/lib\libctru.a(srv.o)
 .debug_info    0x000051b7     0x2956 C:/devkitPro/libctru/lib\libctru.a(synchronization.o)
 .debug_info    0x00007b0d      0x872 C:/devkitPro/libctru/lib\libctru.a(srvpm.o)
 .debug_info    0x0000837f      0x2bc C:/devkitPro/libctru/lib\libctru.a(initArgv.o)
 .debug_info    0x0000863b       0x23 C:/devkitPro/libctru/lib\libctru.a(svc.o)

.debug_abbrev   0x00000000     0x1cfe
 *(.debug_abbrev)
 .debug_abbrev  0x00000000      0x1bf MyThread.o
 .debug_abbrev  0x000001bf      0x1c7 PXI.o
 .debug_abbrev  0x00000386      0x3f2 main.o
 .debug_abbrev  0x00000778      0x27f receiver.o
 .debug_abbrev  0x000009f7      0x466 sender.o
 .debug_abbrev  0x00000e5d      0x514 C:/devkitPro/libctru/lib\libctru.a(srv.o)
 .debug_abbrev  0x00001371      0x4f2 C:/devkitPro/libctru/lib\libctru.a(synchronization.o)
 .debug_abbrev  0x00001863      0x2f1 C:/devkitPro/libctru/lib\libctru.a(srvpm.o)
 .debug_abbrev  0x00001b54      0x198 C:/devkitPro/libctru/lib\libctru.a(initArgv.o)
 .debug_abbrev  0x00001cec       0x12 C:/devkitPro/libctru/lib\libctru.a(svc.o)

.debug_line     0x00000000     0x57aa
 *(.debug_line)
 .debug_line    0x00000000      0x1e8 MyThread.o
 .debug_line    0x000001e8      0x41a PXI.o
 .debug_line    0x00000602      0x992 main.o
 .debug_line    0x00000f94      0x375 receiver.o
 .debug_line    0x00001309      0xbe2 sender.o
 .debug_line    0x00001eeb      0xff5 C:/devkitPro/libctru/lib\libctru.a(srv.o)
 .debug_line    0x00002ee0     0x1654 C:/devkitPro/libctru/lib\libctru.a(synchronization.o)
 .debug_line    0x00004534      0x6bb C:/devkitPro/libctru/lib\libctru.a(srvpm.o)
 .debug_line    0x00004bef      0x42c C:/devkitPro/libctru/lib\libctru.a(initArgv.o)
 .debug_line    0x0000501b      0x78f C:/devkitPro/libctru/lib\libctru.a(svc.o)

.debug_frame    0x00000000      0xf50
 *(.debug_frame)
 .debug_frame   0x00000000       0x78 MyThread.o
 .debug_frame   0x00000078       0xf4 PXI.o
 .debug_frame   0x0000016c       0xb4 main.o
 .debug_frame   0x00000220       0x50 receiver.o
 .debug_frame   0x00000270       0xb4 sender.o
 .debug_frame   0x00000324      0x254 C:/devkitPro/libctru/lib\libctru.a(srv.o)
 .debug_frame   0x00000578      0x2b4 C:/devkitPro/libctru/lib\libctru.a(synchronization.o)
 .debug_frame   0x0000082c       0xb0 C:/devkitPro/libctru/lib\libctru.a(srvpm.o)
 .debug_frame   0x000008dc       0x34 C:/devkitPro/libctru/lib\libctru.a(initArgv.o)
 .debug_frame   0x00000910      0x640 C:/devkitPro/libctru/lib\libctru.a(svc.o)

.debug_str      0x00000000     0x1ebb
 *(.debug_str)
 .debug_str     0x00000000     0x1ebb MyThread.o
                                0x2f8 (size before relaxing)
 .debug_str     0x00001ebb      0x35c PXI.o
 .debug_str     0x00001ebb      0xb6f main.o
 .debug_str     0x00001ebb      0x59d receiver.o
 .debug_str     0x00001ebb      0x929 sender.o
 .debug_str     0x00001ebb      0xad9 C:/devkitPro/libctru/lib\libctru.a(srv.o)
 .debug_str     0x00001ebb      0x985 C:/devkitPro/libctru/lib\libctru.a(synchronization.o)
 .debug_str     0x00001ebb      0x582 C:/devkitPro/libctru/lib\libctru.a(srvpm.o)
 .debug_str     0x00001ebb      0x2f8 C:/devkitPro/libctru/lib\libctru.a(initArgv.o)
 .debug_str     0x00001ebb       0xc5 C:/devkitPro/libctru/lib\libctru.a(svc.o)

.debug_loc
 *(.debug_loc)

.debug_macinfo
 *(.debug_macinfo)
LOAD C:/devkitPro/devkitARM/bin/../lib/gcc/arm-none-eabi/13.2.0/../../../../arm-none-eabi/lib/armv6k/fpu/3dsx_crt0.o
LOAD C:/devkitPro/devkitARM/bin/../lib/gcc/arm-none-eabi/13.2.0/armv6k/fpu/crti.o
LOAD C:/devkitPro/devkitARM/bin/../lib/gcc/arm-none-eabi/13.2.0/armv6k/fpu/crtbegin.o
LOAD MyThread.o
LOAD PXI.o
LOAD main.o
LOAD receiver.o
LOAD sender.o
LOAD C:/devkitPro/libctru/lib\libctru.a
START GROUP
LOAD C:/devkitPro/devkitARM/bin/../lib/gcc/arm-none-eabi/13.2.0/armv6k/fpu\libgcc.a
LOAD C:/devkitPro/devkitARM/bin/../lib/gcc/arm-none-eabi/13.2.0/../../../../arm-none-eabi/lib/armv6k/fpu\libg.a
LOAD C:/devkitPro/devkitARM/bin/../lib/gcc/arm-none-eabi/13.2.0/../../../../arm-none-eabi/lib/armv6k/fpu\libc.a
LOAD C:/devkitPro/devkitARM/bin/../lib/gcc/arm-none-eabi/13.2.0/../../../../arm-none-eabi/lib/armv6k/fpu\libsysbase.a
END GROUP
LOAD C:/devkitPro/devkitARM/bin/../lib/gcc/arm-none-eabi/13.2.0/armv6k/fpu/crtend.o
LOAD C:/devkitPro/devkitARM/bin/../lib/gcc/arm-none-eabi/13.2.0/armv6k/fpu/crtn.o
OUTPUT(C:/devkitPro/application/sysmodules/pxi/pxi.elf elf32-littlearm)
LOAD linker stubs

.ARM.attributes
                0x00000000       0x30
 .ARM.attributes
                0x00000000       0x1e C:/devkitPro/devkitARM/bin/../lib/gcc/arm-none-eabi/13.2.0/../../../../arm-none-eabi/lib/armv6k/fpu/3dsx_crt0.o
 .ARM.attributes
                0x0000001e       0x1c C:/devkitPro/devkitARM/bin/../lib/gcc/arm-none-eabi/13.2.0/armv6k/fpu/crti.o
 .ARM.attributes
                0x0000003a       0x30 C:/devkitPro/devkitARM/bin/../lib/gcc/arm-none-eabi/13.2.0/armv6k/fpu/crtbegin.o
 .ARM.attributes
                0x0000006a       0x30 MyThread.o
 .ARM.attributes
                0x0000009a       0x30 PXI.o
 .ARM.attributes
                0x000000ca       0x30 main.o
 .ARM.attributes
                0x000000fa       0x30 receiver.o
 .ARM.attributes
                0x0000012a       0x30 sender.o
 .ARM.attributes
                0x0000015a       0x30 C:/devkitPro/libctru/lib\libctru.a(srv.o)
 .ARM.attributes
                0x0000018a       0x30 C:/devkitPro/libctru/lib\libctru.a(synchronization.o)
 .ARM.attributes
                0x000001ba       0x30 C:/devkitPro/libctru/lib\libctru.a(srvpm.o)
 .ARM.attributes
                0x000001ea       0x30 C:/devkitPro/libctru/lib\libctru.a(initArgv.o)
 .ARM.attributes
                0x0000021a       0x1a C:/devkitPro/libctru/lib\libctru.a(svc.o)
 .ARM.attributes
                0x00000234       0x30 C:/devkitPro/devkitARM/bin/../lib/gcc/arm-none-eabi/13.2.0/../../../../arm-none-eabi/lib/armv6k/fpu\libg.a(libc_a-strnlen.o)
 .ARM.attributes
                0x00000264       0x30 C:/devkitPro/devkitARM/bin/../lib/gcc/arm-none-eabi/13.2.0/../../../../arm-none-eabi/lib/armv6k/fpu\libg.a(libc_a-memcpy-stub.o)
 .ARM.attributes
                0x00000294       0x30 C:/devkitPro/devkitARM/bin/../lib/gcc/arm-none-eabi/13.2.0/../../../../arm-none-eabi/lib/armv6k/fpu\libg.a(libc_a-memset.o)
 .ARM.attributes
                0x000002c4       0x30 C:/devkitPro/devkitARM/bin/../lib/gcc/arm-none-eabi/13.2.0/../../../../arm-none-eabi/lib/armv6k/fpu\libg.a(libc_a-strncpy.o)
 .ARM.attributes
                0x000002f4       0x1c C:/devkitPro/devkitARM/bin/../lib/gcc/arm-none-eabi/13.2.0/armv6k/fpu/crtn.o

.debug_loclists
                0x00000000     0x2bc5
 .debug_loclists
                0x00000000      0x116 MyThread.o
 .debug_loclists
                0x00000116      0x1ca PXI.o
 .debug_loclists
                0x000002e0      0x2da main.o
 .debug_loclists
                0x000005ba       0xf4 receiver.o
 .debug_loclists
                0x000006ae      0x4d5 sender.o
 .debug_loclists
                0x00000b83      0x6a3 C:/devkitPro/libctru/lib\libctru.a(srv.o)
 .debug_loclists
                0x00001226     0x169f C:/devkitPro/libctru/lib\libctru.a(synchronization.o)
 .debug_loclists
                0x000028c5      0x24b C:/devkitPro/libctru/lib\libctru.a(srvpm.o)
 .debug_loclists
                0x00002b10       0xb5 C:/devkitPro/libctru/lib\libctru.a(initArgv.o)

.debug_rnglists
                0x00000000      0xd6c
 .debug_rnglists
                0x00000000       0x25 MyThread.o
 .debug_rnglists
                0x00000025       0x63 PXI.o
 .debug_rnglists
                0x00000088      0x1db main.o
 .debug_rnglists
                0x00000263       0x83 receiver.o
 .debug_rnglists
                0x000002e6      0x1dd sender.o
 .debug_rnglists
                0x000004c3      0x17c C:/devkitPro/libctru/lib\libctru.a(srv.o)
 .debug_rnglists
                0x0000063f      0x3c5 C:/devkitPro/libctru/lib\libctru.a(synchronization.o)
 .debug_rnglists
                0x00000a04       0xe9 C:/devkitPro/libctru/lib\libctru.a(srvpm.o)
 .debug_rnglists
                0x00000aed       0x20 C:/devkitPro/libctru/lib\libctru.a(initArgv.o)
 .debug_rnglists
                0x00000b0d      0x25f C:/devkitPro/libctru/lib\libctru.a(svc.o)

.debug_line_str
                0x00000000       0xb9
 .debug_line_str
                0x00000000       0xb9 C:/devkitPro/libctru/lib\libctru.a(svc.o)
